[2020-03-22T15:57:16.115+0000][gc,heap] Heap region size: 1M
[2020-03-22T15:57:16.123+0000][gc     ] Using G1
[2020-03-22T15:57:16.123+0000][gc,heap,coops] Heap address: 0x00000000c0000000, size: 1024 MB, Compressed Oops mode: 32-bit
[2020-03-22T15:57:16.123+0000][gc,cds       ] Mark closed archive regions in map: [0x00000000fff00000, 0x00000000fff69ff8]
[2020-03-22T15:57:16.123+0000][gc,cds       ] Mark open archive regions in map: [0x00000000ffe00000, 0x00000000ffe46ff8]
[2020-03-22T15:57:17.629+0000][gc,start     ] GC(0) Pause Young (Normal) (G1 Evacuation Pause)
[2020-03-22T15:57:17.630+0000][gc,task      ] GC(0) Using 8 workers of 8 for evacuation
[2020-03-22T15:57:17.640+0000][gc,phases    ] GC(0)   Pre Evacuate Collection Set: 0,0ms
[2020-03-22T15:57:17.640+0000][gc,phases    ] GC(0)   Evacuate Collection Set: 9,8ms
[2020-03-22T15:57:17.640+0000][gc,phases    ] GC(0)   Post Evacuate Collection Set: 0,6ms
[2020-03-22T15:57:17.640+0000][gc,phases    ] GC(0)   Other: 1,0ms
[2020-03-22T15:57:17.640+0000][gc,heap      ] GC(0) Eden regions: 51->0(44)
[2020-03-22T15:57:17.640+0000][gc,heap      ] GC(0) Survivor regions: 0->7(7)
[2020-03-22T15:57:17.640+0000][gc,heap      ] GC(0) Old regions: 2->2
[2020-03-22T15:57:17.640+0000][gc,heap      ] GC(0) Humongous regions: 0->0
[2020-03-22T15:57:17.640+0000][gc,metaspace ] GC(0) Metaspace: 16045K->16045K(1062912K)
[2020-03-22T15:57:17.640+0000][gc           ] GC(0) Pause Young (Normal) (G1 Evacuation Pause) 51M->7M(1024M) 11,471ms
[2020-03-22T15:57:17.640+0000][gc,cpu       ] GC(0) User=0,07s Sys=0,01s Real=0,01s
[2020-03-22T15:57:18.065+0000][gc,start     ] GC(1) Pause Young (Concurrent Start) (Metadata GC Threshold)
[2020-03-22T15:57:18.065+0000][gc,task      ] GC(1) Using 8 workers of 8 for evacuation
[2020-03-22T15:57:18.094+0000][gc,mmu       ] GC(1) MMU target violated: 21,0ms (20,0ms/21,0ms)
[2020-03-22T15:57:18.094+0000][gc,phases    ] GC(1)   Pre Evacuate Collection Set: 0,1ms
[2020-03-22T15:57:18.094+0000][gc,phases    ] GC(1)   Evacuate Collection Set: 28,8ms
[2020-03-22T15:57:18.094+0000][gc,phases    ] GC(1)   Post Evacuate Collection Set: 0,5ms
[2020-03-22T15:57:18.094+0000][gc,phases    ] GC(1)   Other: 0,3ms
[2020-03-22T15:57:18.094+0000][gc,heap      ] GC(1) Eden regions: 20->0(49)
[2020-03-22T15:57:18.094+0000][gc,heap      ] GC(1) Survivor regions: 7->2(7)
[2020-03-22T15:57:18.094+0000][gc,heap      ] GC(1) Old regions: 2->9
[2020-03-22T15:57:18.094+0000][gc,heap      ] GC(1) Humongous regions: 129->129
[2020-03-22T15:57:18.094+0000][gc,metaspace ] GC(1) Metaspace: 20613K->20613K(1067008K)
[2020-03-22T15:57:18.094+0000][gc           ] GC(1) Pause Young (Concurrent Start) (Metadata GC Threshold) 155M->137M(1024M) 29,656ms
[2020-03-22T15:57:18.094+0000][gc,cpu       ] GC(1) User=0,18s Sys=0,01s Real=0,03s
[2020-03-22T15:57:18.094+0000][gc           ] GC(2) Concurrent Cycle
[2020-03-22T15:57:18.095+0000][gc,marking   ] GC(2) Concurrent Clear Claimed Marks
[2020-03-22T15:57:18.095+0000][gc,marking   ] GC(2) Concurrent Clear Claimed Marks 0,069ms
[2020-03-22T15:57:18.095+0000][gc,marking   ] GC(2) Concurrent Scan Root Regions
[2020-03-22T15:57:18.096+0000][gc,marking   ] GC(2) Concurrent Scan Root Regions 1,233ms
[2020-03-22T15:57:18.096+0000][gc,marking   ] GC(2) Concurrent Mark (1,985s)
[2020-03-22T15:57:18.096+0000][gc,marking   ] GC(2) Concurrent Mark From Roots
[2020-03-22T15:57:18.096+0000][gc,task      ] GC(2) Using 2 workers of 2 for marking
[2020-03-22T15:57:18.104+0000][gc,marking   ] GC(2) Concurrent Mark From Roots 8,612ms
[2020-03-22T15:57:18.105+0000][gc,marking   ] GC(2) Concurrent Preclean
[2020-03-22T15:57:18.105+0000][gc,marking   ] GC(2) Concurrent Preclean 0,117ms
[2020-03-22T15:57:18.105+0000][gc,marking   ] GC(2) Concurrent Mark (1,985s, 1,994s) 8,772ms
[2020-03-22T15:57:18.105+0000][gc,start     ] GC(2) Pause Remark
[2020-03-22T15:57:18.113+0000][gc,stringtable] GC(2) Cleaned string and symbol table, strings: 5103 processed, 0 removed, symbols: 50236 processed, 50 removed
[2020-03-22T15:57:18.114+0000][gc            ] GC(2) Pause Remark 138M->138M(1024M) 9,024ms
[2020-03-22T15:57:18.114+0000][gc,cpu        ] GC(2) User=0,03s Sys=0,00s Real=0,01s
[2020-03-22T15:57:18.114+0000][gc,marking    ] GC(2) Concurrent Rebuild Remembered Sets
[2020-03-22T15:57:18.120+0000][gc,marking    ] GC(2) Concurrent Rebuild Remembered Sets 6,283ms
[2020-03-22T15:57:18.120+0000][gc,start      ] GC(2) Pause Cleanup
[2020-03-22T15:57:18.121+0000][gc            ] GC(2) Pause Cleanup 139M->139M(1024M) 0,277ms
[2020-03-22T15:57:18.121+0000][gc,cpu        ] GC(2) User=0,00s Sys=0,00s Real=0,00s
[2020-03-22T15:57:18.121+0000][gc,marking    ] GC(2) Concurrent Cleanup for Next Mark
[2020-03-22T15:57:18.125+0000][gc,marking    ] GC(2) Concurrent Cleanup for Next Mark 4,349ms
[2020-03-22T15:57:18.125+0000][gc            ] GC(2) Concurrent Cycle 30,533ms
[2020-03-22T15:57:18.953+0000][gc,start      ] GC(3) Pause Young (Normal) (G1 Evacuation Pause)
[2020-03-22T15:57:18.953+0000][gc,task       ] GC(3) Using 8 workers of 8 for evacuation
[2020-03-22T15:57:18.958+0000][gc,phases     ] GC(3)   Pre Evacuate Collection Set: 0,0ms
[2020-03-22T15:57:18.958+0000][gc,phases     ] GC(3)   Evacuate Collection Set: 4,9ms
[2020-03-22T15:57:18.958+0000][gc,phases     ] GC(3)   Post Evacuate Collection Set: 0,5ms
[2020-03-22T15:57:18.958+0000][gc,phases     ] GC(3)   Other: 0,2ms
[2020-03-22T15:57:18.958+0000][gc,heap       ] GC(3) Eden regions: 49->0(46)
[2020-03-22T15:57:18.958+0000][gc,heap       ] GC(3) Survivor regions: 2->5(7)
[2020-03-22T15:57:18.958+0000][gc,heap       ] GC(3) Old regions: 9->9
[2020-03-22T15:57:18.958+0000][gc,heap       ] GC(3) Humongous regions: 129->129
[2020-03-22T15:57:18.958+0000][gc,metaspace  ] GC(3) Metaspace: 30086K->30086K(1077248K)
[2020-03-22T15:57:18.958+0000][gc            ] GC(3) Pause Young (Normal) (G1 Evacuation Pause) 186M->140M(1024M) 5,620ms
[2020-03-22T15:57:18.958+0000][gc,cpu        ] GC(3) User=0,03s Sys=0,00s Real=0,00s
[2020-03-22T15:57:50.493+0000][gc,start      ] GC(4) Pause Young (Concurrent Start) (Metadata GC Threshold)
[2020-03-22T15:57:50.493+0000][gc,task       ] GC(4) Using 8 workers of 8 for evacuation
[2020-03-22T15:57:50.503+0000][gc,phases     ] GC(4)   Pre Evacuate Collection Set: 0,1ms
[2020-03-22T15:57:50.503+0000][gc,phases     ] GC(4)   Evacuate Collection Set: 9,6ms
[2020-03-22T15:57:50.503+0000][gc,phases     ] GC(4)   Post Evacuate Collection Set: 0,5ms
[2020-03-22T15:57:50.503+0000][gc,phases     ] GC(4)   Other: 0,2ms
[2020-03-22T15:57:50.503+0000][gc,heap       ] GC(4) Eden regions: 19->0(50)
[2020-03-22T15:57:50.503+0000][gc,heap       ] GC(4) Survivor regions: 5->1(7)
[2020-03-22T15:57:50.503+0000][gc,heap       ] GC(4) Old regions: 9->14
[2020-03-22T15:57:50.503+0000][gc,heap       ] GC(4) Humongous regions: 129->129
[2020-03-22T15:57:50.503+0000][gc,metaspace  ] GC(4) Metaspace: 34200K->34200K(1079296K)
[2020-03-22T15:57:50.503+0000][gc            ] GC(4) Pause Young (Concurrent Start) (Metadata GC Threshold) 159M->142M(1024M) 10,530ms
[2020-03-22T15:57:50.503+0000][gc,cpu        ] GC(4) User=0,04s Sys=0,00s Real=0,01s
[2020-03-22T15:57:50.503+0000][gc            ] GC(5) Concurrent Cycle
[2020-03-22T15:57:50.503+0000][gc,marking    ] GC(5) Concurrent Clear Claimed Marks
[2020-03-22T15:57:50.503+0000][gc,marking    ] GC(5) Concurrent Clear Claimed Marks 0,077ms
[2020-03-22T15:57:50.503+0000][gc,marking    ] GC(5) Concurrent Scan Root Regions
[2020-03-22T15:57:50.505+0000][gc,marking    ] GC(5) Concurrent Scan Root Regions 1,737ms
[2020-03-22T15:57:50.505+0000][gc,marking    ] GC(5) Concurrent Mark (34,394s)
[2020-03-22T15:57:50.505+0000][gc,marking    ] GC(5) Concurrent Mark From Roots
[2020-03-22T15:57:50.505+0000][gc,task       ] GC(5) Using 2 workers of 2 for marking
[2020-03-22T15:57:50.523+0000][gc,marking    ] GC(5) Concurrent Mark From Roots 17,995ms
[2020-03-22T15:57:50.523+0000][gc,marking    ] GC(5) Concurrent Preclean
[2020-03-22T15:57:50.523+0000][gc,marking    ] GC(5) Concurrent Preclean 0,181ms
[2020-03-22T15:57:50.524+0000][gc,marking    ] GC(5) Concurrent Mark (34,394s, 34,413s) 18,234ms
[2020-03-22T15:57:50.524+0000][gc,start      ] GC(5) Pause Remark
[2020-03-22T15:57:50.531+0000][gc,stringtable] GC(5) Cleaned string and symbol table, strings: 10543 processed, 8 removed, symbols: 78402 processed, 29 removed
[2020-03-22T15:57:50.532+0000][gc            ] GC(5) Pause Remark 143M->143M(1024M) 7,849ms
[2020-03-22T15:57:50.532+0000][gc,cpu        ] GC(5) User=0,04s Sys=0,00s Real=0,01s
[2020-03-22T15:57:50.532+0000][gc,marking    ] GC(5) Concurrent Rebuild Remembered Sets
[2020-03-22T15:57:50.542+0000][gc,marking    ] GC(5) Concurrent Rebuild Remembered Sets 9,679ms
[2020-03-22T15:57:50.542+0000][gc,start      ] GC(5) Pause Cleanup
[2020-03-22T15:57:50.542+0000][gc            ] GC(5) Pause Cleanup 143M->143M(1024M) 0,171ms
[2020-03-22T15:57:50.542+0000][gc,cpu        ] GC(5) User=0,00s Sys=0,00s Real=0,00s
[2020-03-22T15:57:50.542+0000][gc,marking    ] GC(5) Concurrent Cleanup for Next Mark
[2020-03-22T15:57:50.546+0000][gc,marking    ] GC(5) Concurrent Cleanup for Next Mark 4,554ms
[2020-03-22T15:57:50.547+0000][gc            ] GC(5) Concurrent Cycle 43,110ms
[2020-03-22T16:05:40.703+0000][gc,start      ] GC(6) Pause Young (Normal) (G1 Evacuation Pause)
[2020-03-22T16:05:40.707+0000][gc,task       ] GC(6) Using 8 workers of 8 for evacuation
[2020-03-22T16:05:40.712+0000][gc,phases     ] GC(6)   Pre Evacuate Collection Set: 0,0ms
[2020-03-22T16:05:40.712+0000][gc,phases     ] GC(6)   Evacuate Collection Set: 4,0ms
[2020-03-22T16:05:40.712+0000][gc,phases     ] GC(6)   Post Evacuate Collection Set: 0,7ms
[2020-03-22T16:05:40.712+0000][gc,phases     ] GC(6)   Other: 4,1ms
[2020-03-22T16:05:40.712+0000][gc,heap       ] GC(6) Eden regions: 50->0(48)
[2020-03-22T16:05:40.712+0000][gc,heap       ] GC(6) Survivor regions: 1->3(7)
[2020-03-22T16:05:40.712+0000][gc,heap       ] GC(6) Old regions: 14->14
[2020-03-22T16:05:40.712+0000][gc,heap       ] GC(6) Humongous regions: 129->129
[2020-03-22T16:05:40.712+0000][gc,metaspace  ] GC(6) Metaspace: 37268K->37268K(1083392K)
[2020-03-22T16:05:40.712+0000][gc            ] GC(6) Pause Young (Normal) (G1 Evacuation Pause) 192M->143M(1024M) 9,072ms
[2020-03-22T16:05:40.712+0000][gc,cpu        ] GC(6) User=0,03s Sys=0,00s Real=0,01s
[2020-03-22T16:19:48.572+0000][gc,start      ] GC(7) Pause Young (Normal) (G1 Evacuation Pause)
[2020-03-22T16:19:48.577+0000][gc,task       ] GC(7) Using 8 workers of 8 for evacuation
[2020-03-22T16:19:48.583+0000][gc,phases     ] GC(7)   Pre Evacuate Collection Set: 0,0ms
[2020-03-22T16:19:48.583+0000][gc,phases     ] GC(7)   Evacuate Collection Set: 3,9ms
[2020-03-22T16:19:48.583+0000][gc,phases     ] GC(7)   Post Evacuate Collection Set: 0,7ms
[2020-03-22T16:19:48.583+0000][gc,phases     ] GC(7)   Other: 5,2ms
[2020-03-22T16:19:48.584+0000][gc,heap       ] GC(7) Eden regions: 48->0(46)
[2020-03-22T16:19:48.584+0000][gc,heap       ] GC(7) Survivor regions: 3->5(7)
[2020-03-22T16:19:48.584+0000][gc,heap       ] GC(7) Old regions: 14->14
[2020-03-22T16:19:48.584+0000][gc,heap       ] GC(7) Humongous regions: 129->129
[2020-03-22T16:19:48.584+0000][gc,metaspace  ] GC(7) Metaspace: 39799K->39799K(1085440K)
[2020-03-22T16:19:48.585+0000][gc            ] GC(7) Pause Young (Normal) (G1 Evacuation Pause) 191M->145M(1024M) 12,085ms
[2020-03-22T16:19:48.585+0000][gc,cpu        ] GC(7) User=0,02s Sys=0,00s Real=0,01s
[2020-03-22T16:38:48.671+0000][gc,start      ] GC(8) Pause Young (Normal) (G1 Evacuation Pause)
[2020-03-22T16:38:48.674+0000][gc,task       ] GC(8) Using 8 workers of 8 for evacuation
[2020-03-22T16:38:48.683+0000][gc,phases     ] GC(8)   Pre Evacuate Collection Set: 0,1ms
[2020-03-22T16:38:48.683+0000][gc,phases     ] GC(8)   Evacuate Collection Set: 6,1ms
[2020-03-22T16:38:48.683+0000][gc,phases     ] GC(8)   Post Evacuate Collection Set: 0,6ms
[2020-03-22T16:38:48.683+0000][gc,phases     ] GC(8)   Other: 3,8ms
[2020-03-22T16:38:48.683+0000][gc,heap       ] GC(8) Eden regions: 46->0(47)
[2020-03-22T16:38:48.683+0000][gc,heap       ] GC(8) Survivor regions: 5->4(7)
[2020-03-22T16:38:48.683+0000][gc,heap       ] GC(8) Old regions: 14->15
[2020-03-22T16:38:48.683+0000][gc,heap       ] GC(8) Humongous regions: 129->129
[2020-03-22T16:38:48.683+0000][gc,metaspace  ] GC(8) Metaspace: 39986K->39986K(1085440K)
[2020-03-22T16:38:48.684+0000][gc            ] GC(8) Pause Young (Normal) (G1 Evacuation Pause) 191M->145M(1024M) 12,464ms
[2020-03-22T16:38:48.684+0000][gc,cpu        ] GC(8) User=0,05s Sys=0,00s Real=0,01s
[2020-03-22T17:00:34.744+0000][gc,start      ] GC(9) Pause Young (Normal) (G1 Evacuation Pause)
[2020-03-22T17:00:34.748+0000][gc,task       ] GC(9) Using 8 workers of 8 for evacuation
[2020-03-22T17:00:34.755+0000][gc,phases     ] GC(9)   Pre Evacuate Collection Set: 0,1ms
[2020-03-22T17:00:34.755+0000][gc,phases     ] GC(9)   Evacuate Collection Set: 6,1ms
[2020-03-22T17:00:34.755+0000][gc,phases     ] GC(9)   Post Evacuate Collection Set: 0,7ms
[2020-03-22T17:00:34.755+0000][gc,phases     ] GC(9)   Other: 4,1ms
[2020-03-22T17:00:34.755+0000][gc,heap       ] GC(9) Eden regions: 47->0(47)
[2020-03-22T17:00:34.755+0000][gc,heap       ] GC(9) Survivor regions: 4->4(7)
[2020-03-22T17:00:34.755+0000][gc,heap       ] GC(9) Old regions: 15->15
[2020-03-22T17:00:34.755+0000][gc,heap       ] GC(9) Humongous regions: 129->129
[2020-03-22T17:00:34.755+0000][gc,metaspace  ] GC(9) Metaspace: 40086K->40086K(1085440K)
[2020-03-22T17:00:34.755+0000][gc            ] GC(9) Pause Young (Normal) (G1 Evacuation Pause) 192M->145M(1024M) 11,109ms
[2020-03-22T17:00:34.755+0000][gc,cpu        ] GC(9) User=0,05s Sys=0,01s Real=0,01s
[2020-03-22T17:22:20.710+0000][gc,start      ] GC(10) Pause Young (Normal) (G1 Evacuation Pause)
[2020-03-22T17:22:20.712+0000][gc,task       ] GC(10) Using 8 workers of 8 for evacuation
[2020-03-22T17:22:20.724+0000][gc,phases     ] GC(10)   Pre Evacuate Collection Set: 0,6ms
[2020-03-22T17:22:20.724+0000][gc,phases     ] GC(10)   Evacuate Collection Set: 7,8ms
[2020-03-22T17:22:20.724+0000][gc,phases     ] GC(10)   Post Evacuate Collection Set: 1,7ms
[2020-03-22T17:22:20.724+0000][gc,phases     ] GC(10)   Other: 6,7ms
[2020-03-22T17:22:20.724+0000][gc,heap       ] GC(10) Eden regions: 47->0(48)
[2020-03-22T17:22:20.724+0000][gc,heap       ] GC(10) Survivor regions: 4->4(7)
[2020-03-22T17:22:20.724+0000][gc,heap       ] GC(10) Old regions: 15->15
[2020-03-22T17:22:20.724+0000][gc,heap       ] GC(10) Humongous regions: 129->129
[2020-03-22T17:22:20.724+0000][gc,metaspace  ] GC(10) Metaspace: 40125K->40125K(1085440K)
[2020-03-22T17:22:20.725+0000][gc            ] GC(10) Pause Young (Normal) (G1 Evacuation Pause) 192M->145M(1024M) 14,911ms
[2020-03-22T17:22:20.725+0000][gc,cpu        ] GC(10) User=0,02s Sys=0,00s Real=0,01s
[2020-03-22T17:43:50.702+0000][gc,start      ] GC(11) Pause Young (Normal) (G1 Evacuation Pause)
[2020-03-22T17:43:50.704+0000][gc,task       ] GC(11) Using 8 workers of 8 for evacuation
[2020-03-22T17:43:50.709+0000][gc,phases     ] GC(11)   Pre Evacuate Collection Set: 0,0ms
[2020-03-22T17:43:50.709+0000][gc,phases     ] GC(11)   Evacuate Collection Set: 3,5ms
[2020-03-22T17:43:50.709+0000][gc,phases     ] GC(11)   Post Evacuate Collection Set: 0,9ms
[2020-03-22T17:43:50.709+0000][gc,phases     ] GC(11)   Other: 1,8ms
[2020-03-22T17:43:50.709+0000][gc,heap       ] GC(11) Eden regions: 48->0(55)
[2020-03-22T17:43:50.709+0000][gc,heap       ] GC(11) Survivor regions: 4->4(7)
[2020-03-22T17:43:50.709+0000][gc,heap       ] GC(11) Old regions: 15->15
[2020-03-22T17:43:50.709+0000][gc,heap       ] GC(11) Humongous regions: 129->129
[2020-03-22T17:43:50.709+0000][gc,metaspace  ] GC(11) Metaspace: 40179K->40179K(1085440K)
[2020-03-22T17:43:50.709+0000][gc            ] GC(11) Pause Young (Normal) (G1 Evacuation Pause) 193M->145M(1024M) 6,999ms
[2020-03-22T17:43:50.709+0000][gc,cpu        ] GC(11) User=0,03s Sys=0,00s Real=0,01s
[2020-03-22T18:06:57.581+0000][gc,start      ] GC(12) Pause Young (Normal) (G1 Evacuation Pause)
[2020-03-22T18:06:57.582+0000][gc,task       ] GC(12) Using 8 workers of 8 for evacuation
[2020-03-22T18:06:57.595+0000][gc,phases     ] GC(12)   Pre Evacuate Collection Set: 1,1ms
[2020-03-22T18:06:57.595+0000][gc,phases     ] GC(12)   Evacuate Collection Set: 8,8ms
[2020-03-22T18:06:57.595+0000][gc,phases     ] GC(12)   Post Evacuate Collection Set: 1,9ms
[2020-03-22T18:06:57.595+0000][gc,phases     ] GC(12)   Other: 4,8ms
[2020-03-22T18:06:57.596+0000][gc,heap       ] GC(12) Eden regions: 55->0(63)
[2020-03-22T18:06:57.596+0000][gc,heap       ] GC(12) Survivor regions: 4->4(8)
[2020-03-22T18:06:57.596+0000][gc,heap       ] GC(12) Old regions: 15->15
[2020-03-22T18:06:57.596+0000][gc,heap       ] GC(12) Humongous regions: 129->129
[2020-03-22T18:06:57.596+0000][gc,metaspace  ] GC(12) Metaspace: 40306K->40306K(1085440K)
[2020-03-22T18:06:57.596+0000][gc            ] GC(12) Pause Young (Normal) (G1 Evacuation Pause) 200M->145M(1024M) 15,735ms
[2020-03-22T18:06:57.596+0000][gc,cpu        ] GC(12) User=0,04s Sys=0,01s Real=0,01s
[2020-03-22T18:33:05.487+0000][gc,start      ] GC(13) Pause Young (Normal) (G1 Evacuation Pause)
[2020-03-22T18:33:05.489+0000][gc,task       ] GC(13) Using 8 workers of 8 for evacuation
[2020-03-22T18:33:05.684+0000][gc,mmu        ] GC(13) MMU target violated: 21,0ms (20,0ms/21,0ms)
[2020-03-22T18:33:05.685+0000][gc,phases     ] GC(13)   Pre Evacuate Collection Set: 61,6ms
[2020-03-22T18:33:05.685+0000][gc,phases     ] GC(13)   Evacuate Collection Set: 127,6ms
[2020-03-22T18:33:05.685+0000][gc,phases     ] GC(13)   Post Evacuate Collection Set: 4,2ms
[2020-03-22T18:33:05.685+0000][gc,phases     ] GC(13)   Other: 3,9ms
[2020-03-22T18:33:05.685+0000][gc,heap       ] GC(13) Eden regions: 63->0(46)
[2020-03-22T18:33:05.685+0000][gc,heap       ] GC(13) Survivor regions: 4->5(9)
[2020-03-22T18:33:05.685+0000][gc,heap       ] GC(13) Old regions: 15->15
[2020-03-22T18:33:05.685+0000][gc,heap       ] GC(13) Humongous regions: 129->129
[2020-03-22T18:33:05.685+0000][gc,metaspace  ] GC(13) Metaspace: 40456K->40456K(1085440K)
[2020-03-22T18:33:05.685+0000][gc            ] GC(13) Pause Young (Normal) (G1 Evacuation Pause) 208M->145M(1024M) 198,125ms
[2020-03-22T18:33:05.685+0000][gc,cpu        ] GC(13) User=0,80s Sys=0,00s Real=0,20s
[2020-03-22T18:43:55.536+0000][gc,start      ] GC(14) Pause Young (Normal) (G1 Evacuation Pause)
[2020-03-22T18:43:55.542+0000][gc,task       ] GC(14) Using 8 workers of 8 for evacuation
[2020-03-22T18:43:55.586+0000][gc,phases     ] GC(14)   Pre Evacuate Collection Set: 0,1ms
[2020-03-22T18:43:55.586+0000][gc,phases     ] GC(14)   Evacuate Collection Set: 15,1ms
[2020-03-22T18:43:55.586+0000][gc,phases     ] GC(14)   Post Evacuate Collection Set: 0,6ms
[2020-03-22T18:43:55.586+0000][gc,phases     ] GC(14)   Other: 6,3ms
[2020-03-22T18:43:55.587+0000][gc,heap       ] GC(14) Eden regions: 46->0(48)
[2020-03-22T18:43:55.587+0000][gc,heap       ] GC(14) Survivor regions: 5->3(7)
[2020-03-22T18:43:55.587+0000][gc,heap       ] GC(14) Old regions: 15->16
[2020-03-22T18:43:55.587+0000][gc,heap       ] GC(14) Humongous regions: 129->129
[2020-03-22T18:43:55.587+0000][gc,metaspace  ] GC(14) Metaspace: 40593K->40593K(1085440K)
[2020-03-22T18:43:55.633+0000][gc            ] GC(14) Pause Young (Normal) (G1 Evacuation Pause) 191M->146M(1024M) 68,976ms
[2020-03-22T18:43:55.634+0000][gc,cpu        ] GC(14) User=0,10s Sys=0,00s Real=0,10s
[2020-03-22T18:52:13.252+0000][gc,start      ] GC(15) Pause Young (Normal) (G1 Evacuation Pause)
[2020-03-22T18:52:13.252+0000][gc,task       ] GC(15) Using 8 workers of 8 for evacuation
[2020-03-22T18:52:13.259+0000][gc,phases     ] GC(15)   Pre Evacuate Collection Set: 0,0ms
[2020-03-22T18:52:13.259+0000][gc,phases     ] GC(15)   Evacuate Collection Set: 5,2ms
[2020-03-22T18:52:13.259+0000][gc,phases     ] GC(15)   Post Evacuate Collection Set: 0,5ms
[2020-03-22T18:52:13.259+0000][gc,phases     ] GC(15)   Other: 4,3ms
[2020-03-22T18:52:13.259+0000][gc,heap       ] GC(15) Eden regions: 48->0(47)
[2020-03-22T18:52:13.259+0000][gc,heap       ] GC(15) Survivor regions: 3->4(7)
[2020-03-22T18:52:13.259+0000][gc,heap       ] GC(15) Old regions: 16->16
[2020-03-22T18:52:13.259+0000][gc,heap       ] GC(15) Humongous regions: 129->129
[2020-03-22T18:52:13.259+0000][gc,metaspace  ] GC(15) Metaspace: 40688K->40688K(1085440K)
[2020-03-22T18:52:13.260+0000][gc            ] GC(15) Pause Young (Normal) (G1 Evacuation Pause) 194M->147M(1024M) 8,009ms
[2020-03-22T18:52:13.260+0000][gc,cpu        ] GC(15) User=0,04s Sys=0,00s Real=0,00s
[2020-03-22T19:00:50.703+0000][gc,start      ] GC(16) Pause Young (Normal) (G1 Evacuation Pause)
[2020-03-22T19:00:50.703+0000][gc,task       ] GC(16) Using 8 workers of 8 for evacuation
[2020-03-22T19:00:50.715+0000][gc,phases     ] GC(16)   Pre Evacuate Collection Set: 0,1ms
[2020-03-22T19:00:50.715+0000][gc,phases     ] GC(16)   Evacuate Collection Set: 11,1ms
[2020-03-22T19:00:50.715+0000][gc,phases     ] GC(16)   Post Evacuate Collection Set: 0,5ms
[2020-03-22T19:00:50.715+0000][gc,phases     ] GC(16)   Other: 0,4ms
[2020-03-22T19:00:50.715+0000][gc,heap       ] GC(16) Eden regions: 47->0(47)
[2020-03-22T19:00:50.715+0000][gc,heap       ] GC(16) Survivor regions: 4->4(7)
[2020-03-22T19:00:50.715+0000][gc,heap       ] GC(16) Old regions: 16->17
[2020-03-22T19:00:50.715+0000][gc,heap       ] GC(16) Humongous regions: 129->129
[2020-03-22T19:00:50.715+0000][gc,metaspace  ] GC(16) Metaspace: 40713K->40713K(1085440K)
[2020-03-22T19:00:50.715+0000][gc            ] GC(16) Pause Young (Normal) (G1 Evacuation Pause) 194M->147M(1024M) 12,241ms
[2020-03-22T19:00:50.715+0000][gc,cpu        ] GC(16) User=0,08s Sys=0,00s Real=0,01s
[2020-03-22T19:09:37.434+0000][gc,start      ] GC(17) Pause Young (Normal) (G1 Evacuation Pause)
[2020-03-22T19:09:37.439+0000][gc,task       ] GC(17) Using 8 workers of 8 for evacuation
[2020-03-22T19:09:37.444+0000][gc,phases     ] GC(17)   Pre Evacuate Collection Set: 0,1ms
[2020-03-22T19:09:37.444+0000][gc,phases     ] GC(17)   Evacuate Collection Set: 4,7ms
[2020-03-22T19:09:37.444+0000][gc,phases     ] GC(17)   Post Evacuate Collection Set: 0,6ms
[2020-03-22T19:09:37.444+0000][gc,phases     ] GC(17)   Other: 4,4ms
[2020-03-22T19:09:37.444+0000][gc,heap       ] GC(17) Eden regions: 47->0(48)
[2020-03-22T19:09:37.444+0000][gc,heap       ] GC(17) Survivor regions: 4->3(7)
[2020-03-22T19:09:37.444+0000][gc,heap       ] GC(17) Old regions: 17->17
[2020-03-22T19:09:37.444+0000][gc,heap       ] GC(17) Humongous regions: 129->129
[2020-03-22T19:09:37.444+0000][gc,metaspace  ] GC(17) Metaspace: 40724K->40724K(1085440K)
[2020-03-22T19:09:37.444+0000][gc            ] GC(17) Pause Young (Normal) (G1 Evacuation Pause) 194M->146M(1024M) 9,855ms
[2020-03-22T19:09:37.444+0000][gc,cpu        ] GC(17) User=0,04s Sys=0,00s Real=0,01s
[2020-03-22T19:18:36.441+0000][gc,start      ] GC(18) Pause Young (Normal) (G1 Evacuation Pause)
[2020-03-22T19:18:36.443+0000][gc,task       ] GC(18) Using 8 workers of 8 for evacuation
[2020-03-22T19:18:36.449+0000][gc,phases     ] GC(18)   Pre Evacuate Collection Set: 0,2ms
[2020-03-22T19:18:36.449+0000][gc,phases     ] GC(18)   Evacuate Collection Set: 4,4ms
[2020-03-22T19:18:36.449+0000][gc,phases     ] GC(18)   Post Evacuate Collection Set: 0,9ms
[2020-03-22T19:18:36.450+0000][gc,phases     ] GC(18)   Other: 2,7ms
[2020-03-22T19:18:36.450+0000][gc,heap       ] GC(18) Eden regions: 48->0(62)
[2020-03-22T19:18:36.450+0000][gc,heap       ] GC(18) Survivor regions: 3->3(7)
[2020-03-22T19:18:36.450+0000][gc,heap       ] GC(18) Old regions: 17->17
[2020-03-22T19:18:36.450+0000][gc,heap       ] GC(18) Humongous regions: 129->129
[2020-03-22T19:18:36.450+0000][gc,metaspace  ] GC(18) Metaspace: 40728K->40728K(1085440K)
[2020-03-22T19:18:36.451+0000][gc            ] GC(18) Pause Young (Normal) (G1 Evacuation Pause) 194M->146M(1024M) 9,119ms
[2020-03-22T19:18:36.451+0000][gc,cpu        ] GC(18) User=0,03s Sys=0,01s Real=0,01s
[2020-03-22T19:29:53.648+0000][gc,start      ] GC(19) Pause Young (Normal) (G1 Evacuation Pause)
[2020-03-22T19:29:53.648+0000][gc,task       ] GC(19) Using 8 workers of 8 for evacuation
[2020-03-22T19:29:53.655+0000][gc,phases     ] GC(19)   Pre Evacuate Collection Set: 0,0ms
[2020-03-22T19:29:53.655+0000][gc,phases     ] GC(19)   Evacuate Collection Set: 4,6ms
[2020-03-22T19:29:53.655+0000][gc,phases     ] GC(19)   Post Evacuate Collection Set: 0,5ms
[2020-03-22T19:29:53.655+0000][gc,phases     ] GC(19)   Other: 0,5ms
[2020-03-22T19:29:53.656+0000][gc,heap       ] GC(19) Eden regions: 62->0(77)
[2020-03-22T19:29:53.656+0000][gc,heap       ] GC(19) Survivor regions: 3->3(9)
[2020-03-22T19:29:53.656+0000][gc,heap       ] GC(19) Old regions: 17->17
[2020-03-22T19:29:53.656+0000][gc,heap       ] GC(19) Humongous regions: 129->129
[2020-03-22T19:29:53.656+0000][gc,metaspace  ] GC(19) Metaspace: 40896K->40896K(1085440K)
[2020-03-22T19:29:53.659+0000][gc            ] GC(19) Pause Young (Normal) (G1 Evacuation Pause) 208M->146M(1024M) 7,972ms
[2020-03-22T19:29:53.659+0000][gc,cpu        ] GC(19) User=0,03s Sys=0,01s Real=0,01s
[2020-03-22T19:53:20.703+0000][gc,start      ] GC(20) Pause Young (Normal) (G1 Evacuation Pause)
[2020-03-22T19:53:20.707+0000][gc,task       ] GC(20) Using 8 workers of 8 for evacuation
[2020-03-22T19:53:20.714+0000][gc,phases     ] GC(20)   Pre Evacuate Collection Set: 0,1ms
[2020-03-22T19:53:20.714+0000][gc,phases     ] GC(20)   Evacuate Collection Set: 4,9ms
[2020-03-22T19:53:20.714+0000][gc,phases     ] GC(20)   Post Evacuate Collection Set: 1,0ms
[2020-03-22T19:53:20.714+0000][gc,phases     ] GC(20)   Other: 4,7ms
[2020-03-22T19:53:20.714+0000][gc,heap       ] GC(20) Eden regions: 77->0(87)
[2020-03-22T19:53:20.714+0000][gc,heap       ] GC(20) Survivor regions: 3->3(10)
[2020-03-22T19:53:20.714+0000][gc,heap       ] GC(20) Old regions: 17->17
[2020-03-22T19:53:20.714+0000][gc,heap       ] GC(20) Humongous regions: 129->129
[2020-03-22T19:53:20.714+0000][gc,metaspace  ] GC(20) Metaspace: 40935K->40935K(1085440K)
[2020-03-22T19:53:20.714+0000][gc            ] GC(20) Pause Young (Normal) (G1 Evacuation Pause) 223M->146M(1024M) 11,195ms
[2020-03-22T19:53:20.714+0000][gc,cpu        ] GC(20) User=0,02s Sys=0,01s Real=0,01s
[2020-03-22T20:31:55.703+0000][gc,start      ] GC(21) Pause Young (Normal) (G1 Evacuation Pause)
[2020-03-22T20:31:55.707+0000][gc,task       ] GC(21) Using 8 workers of 8 for evacuation
[2020-03-22T20:31:55.715+0000][gc,phases     ] GC(21)   Pre Evacuate Collection Set: 0,1ms
[2020-03-22T20:31:55.715+0000][gc,phases     ] GC(21)   Evacuate Collection Set: 6,4ms
[2020-03-22T20:31:55.715+0000][gc,phases     ] GC(21)   Post Evacuate Collection Set: 1,4ms
[2020-03-22T20:31:55.715+0000][gc,phases     ] GC(21)   Other: 4,8ms
[2020-03-22T20:31:55.715+0000][gc,heap       ] GC(21) Eden regions: 87->0(93)
[2020-03-22T20:31:55.715+0000][gc,heap       ] GC(21) Survivor regions: 3->3(12)
[2020-03-22T20:31:55.715+0000][gc,heap       ] GC(21) Old regions: 17->17
[2020-03-22T20:31:55.715+0000][gc,heap       ] GC(21) Humongous regions: 129->129
[2020-03-22T20:31:55.715+0000][gc,metaspace  ] GC(21) Metaspace: 41010K->41010K(1087488K)
[2020-03-22T20:31:55.715+0000][gc            ] GC(21) Pause Young (Normal) (G1 Evacuation Pause) 233M->147M(1024M) 12,697ms
[2020-03-22T20:31:55.715+0000][gc,cpu        ] GC(21) User=0,03s Sys=0,00s Real=0,01s
[2020-03-22T20:37:44.366+0000][gc,start      ] GC(22) Pause Young (Normal) (G1 Evacuation Pause)
[2020-03-22T20:37:44.368+0000][gc,task       ] GC(22) Using 8 workers of 8 for evacuation
[2020-03-22T20:37:44.378+0000][gc,phases     ] GC(22)   Pre Evacuate Collection Set: 0,0ms
[2020-03-22T20:37:44.378+0000][gc,phases     ] GC(22)   Evacuate Collection Set: 7,4ms
[2020-03-22T20:37:44.378+0000][gc,phases     ] GC(22)   Post Evacuate Collection Set: 2,1ms
[2020-03-22T20:37:44.378+0000][gc,phases     ] GC(22)   Other: 2,2ms
[2020-03-22T20:37:44.378+0000][gc,heap       ] GC(22) Eden regions: 93->0(109)
[2020-03-22T20:37:44.378+0000][gc,heap       ] GC(22) Survivor regions: 3->4(12)
[2020-03-22T20:37:44.378+0000][gc,heap       ] GC(22) Old regions: 17->17
[2020-03-22T20:37:44.378+0000][gc,heap       ] GC(22) Humongous regions: 129->129
[2020-03-22T20:37:44.378+0000][gc,metaspace  ] GC(22) Metaspace: 41045K->41045K(1087488K)
[2020-03-22T20:37:44.378+0000][gc            ] GC(22) Pause Young (Normal) (G1 Evacuation Pause) 240M->147M(1024M) 11,868ms
[2020-03-22T20:37:44.378+0000][gc,cpu        ] GC(22) User=0,04s Sys=0,00s Real=0,01s
[2020-03-22T21:03:16.024+0000][gc,start      ] GC(23) Pause Young (Normal) (G1 Evacuation Pause)
[2020-03-22T21:03:16.025+0000][gc,task       ] GC(23) Using 8 workers of 8 for evacuation
[2020-03-22T21:03:16.267+0000][gc,mmu        ] GC(23) MMU target violated: 21,0ms (20,0ms/21,0ms)
[2020-03-22T21:03:16.275+0000][gc,phases     ] GC(23)   Pre Evacuate Collection Set: 25,7ms
[2020-03-22T21:03:16.275+0000][gc,phases     ] GC(23)   Evacuate Collection Set: 83,0ms
[2020-03-22T21:03:16.275+0000][gc,phases     ] GC(23)   Post Evacuate Collection Set: 131,1ms
[2020-03-22T21:03:16.275+0000][gc,phases     ] GC(23)   Other: 3,4ms
[2020-03-22T21:03:16.275+0000][gc,heap       ] GC(23) Eden regions: 109->0(47)
[2020-03-22T21:03:16.275+0000][gc,heap       ] GC(23) Survivor regions: 4->4(15)
[2020-03-22T21:03:16.275+0000][gc,heap       ] GC(23) Old regions: 17->17
[2020-03-22T21:03:16.275+0000][gc,heap       ] GC(23) Humongous regions: 129->129
[2020-03-22T21:03:16.275+0000][gc,metaspace  ] GC(23) Metaspace: 41210K->41210K(1087488K)
[2020-03-22T21:03:16.275+0000][gc            ] GC(23) Pause Young (Normal) (G1 Evacuation Pause) 256M->147M(1024M) 251,034ms
[2020-03-22T21:03:16.275+0000][gc,cpu        ] GC(23) User=0,11s Sys=0,01s Real=0,25s
[2020-03-22T21:11:30.672+0000][gc,start      ] GC(24) Pause Young (Normal) (G1 Evacuation Pause)
[2020-03-22T21:11:30.673+0000][gc,task       ] GC(24) Using 8 workers of 8 for evacuation
[2020-03-22T21:11:30.677+0000][gc,phases     ] GC(24)   Pre Evacuate Collection Set: 0,0ms
[2020-03-22T21:11:30.677+0000][gc,phases     ] GC(24)   Evacuate Collection Set: 3,6ms
[2020-03-22T21:11:30.677+0000][gc,phases     ] GC(24)   Post Evacuate Collection Set: 0,8ms
[2020-03-22T21:11:30.677+0000][gc,phases     ] GC(24)   Other: 0,4ms
[2020-03-22T21:11:30.677+0000][gc,heap       ] GC(24) Eden regions: 47->0(47)
[2020-03-22T21:11:30.677+0000][gc,heap       ] GC(24) Survivor regions: 4->4(7)
[2020-03-22T21:11:30.677+0000][gc,heap       ] GC(24) Old regions: 17->17
[2020-03-22T21:11:30.677+0000][gc,heap       ] GC(24) Humongous regions: 129->129
[2020-03-22T21:11:30.677+0000][gc,metaspace  ] GC(24) Metaspace: 41257K->41257K(1087488K)
[2020-03-22T21:11:30.678+0000][gc            ] GC(24) Pause Young (Normal) (G1 Evacuation Pause) 194M->147M(1024M) 5,095ms
[2020-03-22T21:11:30.678+0000][gc,cpu        ] GC(24) User=0,02s Sys=0,00s Real=0,00s
[2020-03-22T21:19:30.703+0000][gc,start      ] GC(25) Pause Young (Normal) (G1 Evacuation Pause)
[2020-03-22T21:19:30.749+0000][gc,task       ] GC(25) Using 8 workers of 8 for evacuation
[2020-03-22T21:19:30.766+0000][gc,phases     ] GC(25)   Pre Evacuate Collection Set: 4,9ms
[2020-03-22T21:19:30.766+0000][gc,phases     ] GC(25)   Evacuate Collection Set: 11,5ms
[2020-03-22T21:19:30.766+0000][gc,phases     ] GC(25)   Post Evacuate Collection Set: 0,8ms
[2020-03-22T21:19:30.767+0000][gc,phases     ] GC(25)   Other: 46,4ms
[2020-03-22T21:19:30.767+0000][gc,heap       ] GC(25) Eden regions: 47->0(47)
[2020-03-22T21:19:30.767+0000][gc,heap       ] GC(25) Survivor regions: 4->4(7)
[2020-03-22T21:19:30.767+0000][gc,heap       ] GC(25) Old regions: 17->17
[2020-03-22T21:19:30.767+0000][gc,heap       ] GC(25) Humongous regions: 129->129
[2020-03-22T21:19:30.767+0000][gc,metaspace  ] GC(25) Metaspace: 41302K->41302K(1087488K)
[2020-03-22T21:19:30.767+0000][gc            ] GC(25) Pause Young (Normal) (G1 Evacuation Pause) 194M->147M(1024M) 63,670ms
[2020-03-22T21:19:30.767+0000][gc,cpu        ] GC(25) User=0,04s Sys=0,00s Real=0,06s
