[2020-03-21T15:55:08.745+0000][gc,heap] Heap region size: 1M
[2020-03-21T15:55:08.755+0000][gc     ] Using G1
[2020-03-21T15:55:08.755+0000][gc,heap,coops] Heap address: 0x00000000c0000000, size: 1024 MB, Compressed Oops mode: 32-bit
[2020-03-21T15:55:08.756+0000][gc,cds       ] Mark closed archive regions in map: [0x00000000fff00000, 0x00000000fff69ff8]
[2020-03-21T15:55:08.756+0000][gc,cds       ] Mark open archive regions in map: [0x00000000ffe00000, 0x00000000ffe46ff8]
[2020-03-21T15:55:09.885+0000][gc,start     ] GC(0) Pause Young (Normal) (G1 Evacuation Pause)
[2020-03-21T15:55:09.886+0000][gc,task      ] GC(0) Using 8 workers of 8 for evacuation
[2020-03-21T15:55:09.897+0000][gc,phases    ] GC(0)   Pre Evacuate Collection Set: 0,0ms
[2020-03-21T15:55:09.897+0000][gc,phases    ] GC(0)   Evacuate Collection Set: 10,0ms
[2020-03-21T15:55:09.897+0000][gc,phases    ] GC(0)   Post Evacuate Collection Set: 0,5ms
[2020-03-21T15:55:09.897+0000][gc,phases    ] GC(0)   Other: 0,9ms
[2020-03-21T15:55:09.897+0000][gc,heap      ] GC(0) Eden regions: 51->0(44)
[2020-03-21T15:55:09.897+0000][gc,heap      ] GC(0) Survivor regions: 0->7(7)
[2020-03-21T15:55:09.897+0000][gc,heap      ] GC(0) Old regions: 2->2
[2020-03-21T15:55:09.897+0000][gc,heap      ] GC(0) Humongous regions: 0->0
[2020-03-21T15:55:09.897+0000][gc,metaspace ] GC(0) Metaspace: 16049K->16049K(1062912K)
[2020-03-21T15:55:09.897+0000][gc           ] GC(0) Pause Young (Normal) (G1 Evacuation Pause) 51M->7M(1024M) 11,513ms
[2020-03-21T15:55:09.897+0000][gc,cpu       ] GC(0) User=0,07s Sys=0,01s Real=0,01s
[2020-03-21T15:55:10.171+0000][gc,start     ] GC(1) Pause Young (Concurrent Start) (Metadata GC Threshold)
[2020-03-21T15:55:10.171+0000][gc,task      ] GC(1) Using 8 workers of 8 for evacuation
[2020-03-21T15:55:10.180+0000][gc,phases    ] GC(1)   Pre Evacuate Collection Set: 0,0ms
[2020-03-21T15:55:10.180+0000][gc,phases    ] GC(1)   Evacuate Collection Set: 8,5ms
[2020-03-21T15:55:10.180+0000][gc,phases    ] GC(1)   Post Evacuate Collection Set: 0,5ms
[2020-03-21T15:55:10.180+0000][gc,phases    ] GC(1)   Other: 0,2ms
[2020-03-21T15:55:10.180+0000][gc,heap      ] GC(1) Eden regions: 19->0(50)
[2020-03-21T15:55:10.180+0000][gc,heap      ] GC(1) Survivor regions: 7->1(7)
[2020-03-21T15:55:10.180+0000][gc,heap      ] GC(1) Old regions: 2->9
[2020-03-21T15:55:10.180+0000][gc,heap      ] GC(1) Humongous regions: 0->0
[2020-03-21T15:55:10.180+0000][gc,metaspace ] GC(1) Metaspace: 20515K->20515K(1067008K)
[2020-03-21T15:55:10.180+0000][gc           ] GC(1) Pause Young (Concurrent Start) (Metadata GC Threshold) 25M->8M(1024M) 9,259ms
[2020-03-21T15:55:10.180+0000][gc,cpu       ] GC(1) User=0,04s Sys=0,01s Real=0,00s
[2020-03-21T15:55:10.180+0000][gc           ] GC(2) Concurrent Cycle
[2020-03-21T15:55:10.181+0000][gc,marking   ] GC(2) Concurrent Clear Claimed Marks
[2020-03-21T15:55:10.181+0000][gc,marking   ] GC(2) Concurrent Clear Claimed Marks 0,029ms
[2020-03-21T15:55:10.181+0000][gc,marking   ] GC(2) Concurrent Scan Root Regions
[2020-03-21T15:55:10.182+0000][gc,marking   ] GC(2) Concurrent Scan Root Regions 1,061ms
[2020-03-21T15:55:10.182+0000][gc,marking   ] GC(2) Concurrent Mark (1,440s)
[2020-03-21T15:55:10.182+0000][gc,marking   ] GC(2) Concurrent Mark From Roots
[2020-03-21T15:55:10.182+0000][gc,task      ] GC(2) Using 2 workers of 2 for marking
[2020-03-21T15:55:10.188+0000][gc,marking   ] GC(2) Concurrent Mark From Roots 5,948ms
[2020-03-21T15:55:10.188+0000][gc,marking   ] GC(2) Concurrent Preclean
[2020-03-21T15:55:10.188+0000][gc,marking   ] GC(2) Concurrent Preclean 0,113ms
[2020-03-21T15:55:10.188+0000][gc,marking   ] GC(2) Concurrent Mark (1,440s, 1,446s) 6,106ms
[2020-03-21T15:55:10.226+0000][gc,start     ] GC(2) Pause Remark
[2020-03-21T15:55:10.228+0000][gc,stringtable] GC(2) Cleaned string and symbol table, strings: 5088 processed, 0 removed, symbols: 49633 processed, 52 removed
[2020-03-21T15:55:10.228+0000][gc            ] GC(2) Pause Remark 137M->137M(1024M) 2,020ms
[2020-03-21T15:55:10.228+0000][gc,cpu        ] GC(2) User=0,01s Sys=0,00s Real=0,00s
[2020-03-21T15:55:10.229+0000][gc,marking    ] GC(2) Concurrent Rebuild Remembered Sets
[2020-03-21T15:55:10.232+0000][gc,marking    ] GC(2) Concurrent Rebuild Remembered Sets 3,171ms
[2020-03-21T15:55:10.232+0000][gc,start      ] GC(2) Pause Cleanup
[2020-03-21T15:55:10.232+0000][gc            ] GC(2) Pause Cleanup 137M->137M(1024M) 0,235ms
[2020-03-21T15:55:10.232+0000][gc,cpu        ] GC(2) User=0,00s Sys=0,00s Real=0,00s
[2020-03-21T15:55:10.232+0000][gc,marking    ] GC(2) Concurrent Cleanup for Next Mark
[2020-03-21T15:55:10.237+0000][gc,marking    ] GC(2) Concurrent Cleanup for Next Mark 4,722ms
[2020-03-21T15:55:10.237+0000][gc            ] GC(2) Concurrent Cycle 56,773ms
[2020-03-21T15:55:10.878+0000][gc,start      ] GC(3) Pause Young (Normal) (GCLocker Initiated GC)
[2020-03-21T15:55:10.878+0000][gc,task       ] GC(3) Using 8 workers of 8 for evacuation
[2020-03-21T15:55:10.882+0000][gc,phases     ] GC(3)   Pre Evacuate Collection Set: 0,0ms
[2020-03-21T15:55:10.882+0000][gc,phases     ] GC(3)   Evacuate Collection Set: 4,0ms
[2020-03-21T15:55:10.882+0000][gc,phases     ] GC(3)   Post Evacuate Collection Set: 0,5ms
[2020-03-21T15:55:10.882+0000][gc,phases     ] GC(3)   Other: 0,2ms
[2020-03-21T15:55:10.882+0000][gc,heap       ] GC(3) Eden regions: 51->0(46)
[2020-03-21T15:55:10.882+0000][gc,heap       ] GC(3) Survivor regions: 1->5(7)
[2020-03-21T15:55:10.882+0000][gc,heap       ] GC(3) Old regions: 9->9
[2020-03-21T15:55:10.882+0000][gc,heap       ] GC(3) Humongous regions: 129->129
[2020-03-21T15:55:10.882+0000][gc,metaspace  ] GC(3) Metaspace: 30289K->30289K(1077248K)
[2020-03-21T15:55:10.882+0000][gc            ] GC(3) Pause Young (Normal) (GCLocker Initiated GC) 187M->141M(1024M) 4,713ms
[2020-03-21T15:55:10.882+0000][gc,cpu        ] GC(3) User=0,02s Sys=0,00s Real=0,01s
[2020-03-21T16:25:31.541+0000][gc,start      ] GC(4) Pause Young (Concurrent Start) (Metadata GC Threshold)
[2020-03-21T16:25:31.541+0000][gc,task       ] GC(4) Using 8 workers of 8 for evacuation
[2020-03-21T16:25:31.557+0000][gc,phases     ] GC(4)   Pre Evacuate Collection Set: 0,2ms
[2020-03-21T16:25:31.557+0000][gc,phases     ] GC(4)   Evacuate Collection Set: 14,2ms
[2020-03-21T16:25:31.557+0000][gc,phases     ] GC(4)   Post Evacuate Collection Set: 0,7ms
[2020-03-21T16:25:31.557+0000][gc,phases     ] GC(4)   Other: 0,5ms
[2020-03-21T16:25:31.557+0000][gc,heap       ] GC(4) Eden regions: 36->0(49)
[2020-03-21T16:25:31.557+0000][gc,heap       ] GC(4) Survivor regions: 5->2(7)
[2020-03-21T16:25:31.557+0000][gc,heap       ] GC(4) Old regions: 9->14
[2020-03-21T16:25:31.557+0000][gc,heap       ] GC(4) Humongous regions: 129->129
[2020-03-21T16:25:31.557+0000][gc,metaspace  ] GC(4) Metaspace: 34067K->34067K(1079296K)
[2020-03-21T16:25:31.557+0000][gc            ] GC(4) Pause Young (Concurrent Start) (Metadata GC Threshold) 176M->142M(1024M) 15,758ms
[2020-03-21T16:25:31.557+0000][gc,cpu        ] GC(4) User=0,07s Sys=0,00s Real=0,02s
[2020-03-21T16:25:31.557+0000][gc            ] GC(5) Concurrent Cycle
[2020-03-21T16:25:31.557+0000][gc,marking    ] GC(5) Concurrent Clear Claimed Marks
[2020-03-21T16:25:31.557+0000][gc,marking    ] GC(5) Concurrent Clear Claimed Marks 0,208ms
[2020-03-21T16:25:31.557+0000][gc,marking    ] GC(5) Concurrent Scan Root Regions
[2020-03-21T16:25:31.559+0000][gc,marking    ] GC(5) Concurrent Scan Root Regions 1,982ms
[2020-03-21T16:25:31.559+0000][gc,marking    ] GC(5) Concurrent Mark (1822,817s)
[2020-03-21T16:25:31.559+0000][gc,marking    ] GC(5) Concurrent Mark From Roots
[2020-03-21T16:25:31.559+0000][gc,task       ] GC(5) Using 2 workers of 2 for marking
[2020-03-21T16:25:31.575+0000][gc,marking    ] GC(5) Concurrent Mark From Roots 15,961ms
[2020-03-21T16:25:31.575+0000][gc,marking    ] GC(5) Concurrent Preclean
[2020-03-21T16:25:31.575+0000][gc,marking    ] GC(5) Concurrent Preclean 0,439ms
[2020-03-21T16:25:31.575+0000][gc,marking    ] GC(5) Concurrent Mark (1822,817s, 1822,834s) 16,483ms
[2020-03-21T16:25:31.576+0000][gc,start      ] GC(5) Pause Remark
[2020-03-21T16:25:31.582+0000][gc,stringtable] GC(5) Cleaned string and symbol table, strings: 10742 processed, 274 removed, symbols: 77838 processed, 27 removed
[2020-03-21T16:25:31.583+0000][gc            ] GC(5) Pause Remark 142M->142M(1024M) 7,224ms
[2020-03-21T16:25:31.583+0000][gc,cpu        ] GC(5) User=0,04s Sys=0,00s Real=0,01s
[2020-03-21T16:25:31.583+0000][gc,marking    ] GC(5) Concurrent Rebuild Remembered Sets
[2020-03-21T16:25:31.590+0000][gc,marking    ] GC(5) Concurrent Rebuild Remembered Sets 7,348ms
[2020-03-21T16:25:31.591+0000][gc,start      ] GC(5) Pause Cleanup
[2020-03-21T16:25:31.591+0000][gc            ] GC(5) Pause Cleanup 143M->143M(1024M) 0,266ms
[2020-03-21T16:25:31.591+0000][gc,cpu        ] GC(5) User=0,00s Sys=0,00s Real=0,00s
[2020-03-21T16:25:31.591+0000][gc,marking    ] GC(5) Concurrent Cleanup for Next Mark
[2020-03-21T16:25:31.596+0000][gc,marking    ] GC(5) Concurrent Cleanup for Next Mark 4,940ms
[2020-03-21T16:25:31.596+0000][gc            ] GC(5) Concurrent Cycle 39,175ms
[2020-03-21T16:28:59.184+0000][gc,start      ] GC(6) Pause Young (Normal) (G1 Evacuation Pause)
[2020-03-21T16:28:59.184+0000][gc,task       ] GC(6) Using 8 workers of 8 for evacuation
[2020-03-21T16:28:59.192+0000][gc,phases     ] GC(6)   Pre Evacuate Collection Set: 0,0ms
[2020-03-21T16:28:59.192+0000][gc,phases     ] GC(6)   Evacuate Collection Set: 7,3ms
[2020-03-21T16:28:59.192+0000][gc,phases     ] GC(6)   Post Evacuate Collection Set: 1,1ms
[2020-03-21T16:28:59.192+0000][gc,phases     ] GC(6)   Other: 0,3ms
[2020-03-21T16:28:59.193+0000][gc,heap       ] GC(6) Eden regions: 49->0(47)
[2020-03-21T16:28:59.193+0000][gc,heap       ] GC(6) Survivor regions: 2->4(7)
[2020-03-21T16:28:59.193+0000][gc,heap       ] GC(6) Old regions: 14->14
[2020-03-21T16:28:59.193+0000][gc,heap       ] GC(6) Humongous regions: 129->129
[2020-03-21T16:28:59.193+0000][gc,metaspace  ] GC(6) Metaspace: 38703K->38703K(1083392K)
[2020-03-21T16:28:59.193+0000][gc            ] GC(6) Pause Young (Normal) (G1 Evacuation Pause) 191M->144M(1024M) 8,893ms
[2020-03-21T16:28:59.193+0000][gc,cpu        ] GC(6) User=0,05s Sys=0,00s Real=0,01s
[2020-03-21T16:45:15.931+0000][gc,start      ] GC(7) Pause Young (Normal) (G1 Evacuation Pause)
[2020-03-21T16:45:15.935+0000][gc,task       ] GC(7) Using 8 workers of 8 for evacuation
[2020-03-21T16:45:15.941+0000][gc,phases     ] GC(7)   Pre Evacuate Collection Set: 0,0ms
[2020-03-21T16:45:15.941+0000][gc,phases     ] GC(7)   Evacuate Collection Set: 5,6ms
[2020-03-21T16:45:15.941+0000][gc,phases     ] GC(7)   Post Evacuate Collection Set: 0,5ms
[2020-03-21T16:45:15.941+0000][gc,phases     ] GC(7)   Other: 4,1ms
[2020-03-21T16:45:15.941+0000][gc,heap       ] GC(7) Eden regions: 47->0(46)
[2020-03-21T16:45:15.941+0000][gc,heap       ] GC(7) Survivor regions: 4->5(7)
[2020-03-21T16:45:15.941+0000][gc,heap       ] GC(7) Old regions: 14->15
[2020-03-21T16:45:15.941+0000][gc,heap       ] GC(7) Humongous regions: 129->129
[2020-03-21T16:45:15.941+0000][gc,metaspace  ] GC(7) Metaspace: 39370K->39370K(1085440K)
[2020-03-21T16:45:15.941+0000][gc            ] GC(7) Pause Young (Normal) (G1 Evacuation Pause) 191M->146M(1024M) 10,270ms
[2020-03-21T16:45:15.941+0000][gc,cpu        ] GC(7) User=0,05s Sys=0,00s Real=0,00s
[2020-03-21T17:06:40.164+0000][gc,start      ] GC(8) Pause Young (Normal) (G1 Evacuation Pause)
[2020-03-21T17:06:40.164+0000][gc,task       ] GC(8) Using 8 workers of 8 for evacuation
[2020-03-21T17:06:40.172+0000][gc,phases     ] GC(8)   Pre Evacuate Collection Set: 0,0ms
[2020-03-21T17:06:40.172+0000][gc,phases     ] GC(8)   Evacuate Collection Set: 6,8ms
[2020-03-21T17:06:40.172+0000][gc,phases     ] GC(8)   Post Evacuate Collection Set: 0,9ms
[2020-03-21T17:06:40.172+0000][gc,phases     ] GC(8)   Other: 0,3ms
[2020-03-21T17:06:40.172+0000][gc,heap       ] GC(8) Eden regions: 46->0(49)
[2020-03-21T17:06:40.172+0000][gc,heap       ] GC(8) Survivor regions: 5->2(7)
[2020-03-21T17:06:40.172+0000][gc,heap       ] GC(8) Old regions: 15->18
[2020-03-21T17:06:40.172+0000][gc,heap       ] GC(8) Humongous regions: 129->129
[2020-03-21T17:06:40.172+0000][gc,metaspace  ] GC(8) Metaspace: 39477K->39477K(1085440K)
[2020-03-21T17:06:40.172+0000][gc            ] GC(8) Pause Young (Normal) (G1 Evacuation Pause) 192M->146M(1024M) 8,179ms
[2020-03-21T17:06:40.172+0000][gc,cpu        ] GC(8) User=0,06s Sys=0,00s Real=0,01s
[2020-03-21T17:29:55.797+0000][gc,start      ] GC(9) Pause Young (Normal) (G1 Evacuation Pause)
[2020-03-21T17:29:55.797+0000][gc,task       ] GC(9) Using 8 workers of 8 for evacuation
[2020-03-21T17:29:55.803+0000][gc,phases     ] GC(9)   Pre Evacuate Collection Set: 0,1ms
[2020-03-21T17:29:55.803+0000][gc,phases     ] GC(9)   Evacuate Collection Set: 4,8ms
[2020-03-21T17:29:55.803+0000][gc,phases     ] GC(9)   Post Evacuate Collection Set: 0,8ms
[2020-03-21T17:29:55.803+0000][gc,phases     ] GC(9)   Other: 0,4ms
[2020-03-21T17:29:55.803+0000][gc,heap       ] GC(9) Eden regions: 49->0(49)
[2020-03-21T17:29:55.803+0000][gc,heap       ] GC(9) Survivor regions: 2->2(7)
[2020-03-21T17:29:55.803+0000][gc,heap       ] GC(9) Old regions: 18->18
[2020-03-21T17:29:55.803+0000][gc,heap       ] GC(9) Humongous regions: 129->129
[2020-03-21T17:29:55.803+0000][gc,metaspace  ] GC(9) Metaspace: 39506K->39506K(1085440K)
[2020-03-21T17:29:55.803+0000][gc            ] GC(9) Pause Young (Normal) (G1 Evacuation Pause) 195M->146M(1024M) 6,064ms
[2020-03-21T17:29:55.803+0000][gc,cpu        ] GC(9) User=0,04s Sys=0,00s Real=0,01s
[2020-03-21T17:52:56.415+0000][gc,start      ] GC(10) Pause Young (Normal) (G1 Evacuation Pause)
[2020-03-21T17:52:56.416+0000][gc,task       ] GC(10) Using 8 workers of 8 for evacuation
[2020-03-21T17:52:56.421+0000][gc,phases     ] GC(10)   Pre Evacuate Collection Set: 0,1ms
[2020-03-21T17:52:56.421+0000][gc,phases     ] GC(10)   Evacuate Collection Set: 4,2ms
[2020-03-21T17:52:56.421+0000][gc,phases     ] GC(10)   Post Evacuate Collection Set: 0,9ms
[2020-03-21T17:52:56.421+0000][gc,phases     ] GC(10)   Other: 0,4ms
[2020-03-21T17:52:56.421+0000][gc,heap       ] GC(10) Eden regions: 49->0(51)
[2020-03-21T17:52:56.421+0000][gc,heap       ] GC(10) Survivor regions: 2->2(7)
[2020-03-21T17:52:56.421+0000][gc,heap       ] GC(10) Old regions: 18->18
[2020-03-21T17:52:56.421+0000][gc,heap       ] GC(10) Humongous regions: 129->129
[2020-03-21T17:52:56.421+0000][gc,metaspace  ] GC(10) Metaspace: 39561K->39561K(1085440K)
[2020-03-21T17:52:56.421+0000][gc            ] GC(10) Pause Young (Normal) (G1 Evacuation Pause) 195M->146M(1024M) 5,786ms
[2020-03-21T17:52:56.421+0000][gc,cpu        ] GC(10) User=0,03s Sys=0,00s Real=0,00s
[2020-03-21T18:12:21.712+0000][gc,start      ] GC(11) Pause Young (Normal) (G1 Evacuation Pause)
[2020-03-21T18:12:21.715+0000][gc,task       ] GC(11) Using 8 workers of 8 for evacuation
[2020-03-21T18:12:21.722+0000][gc,phases     ] GC(11)   Pre Evacuate Collection Set: 0,1ms
[2020-03-21T18:12:21.722+0000][gc,phases     ] GC(11)   Evacuate Collection Set: 6,2ms
[2020-03-21T18:12:21.722+0000][gc,phases     ] GC(11)   Post Evacuate Collection Set: 0,7ms
[2020-03-21T18:12:21.722+0000][gc,phases     ] GC(11)   Other: 3,2ms
[2020-03-21T18:12:21.722+0000][gc,heap       ] GC(11) Eden regions: 51->0(53)
[2020-03-21T18:12:21.722+0000][gc,heap       ] GC(11) Survivor regions: 2->4(7)
[2020-03-21T18:12:21.722+0000][gc,heap       ] GC(11) Old regions: 18->18
[2020-03-21T18:12:21.722+0000][gc,heap       ] GC(11) Humongous regions: 129->129
[2020-03-21T18:12:21.722+0000][gc,metaspace  ] GC(11) Metaspace: 39713K->39713K(1085440K)
[2020-03-21T18:12:21.723+0000][gc            ] GC(11) Pause Young (Normal) (G1 Evacuation Pause) 197M->147M(1024M) 10,140ms
[2020-03-21T18:12:21.723+0000][gc,cpu        ] GC(11) User=0,05s Sys=0,00s Real=0,01s
[2020-03-21T18:35:04.659+0000][gc,start      ] GC(12) Pause Young (Normal) (G1 Evacuation Pause)
[2020-03-21T18:35:04.661+0000][gc,task       ] GC(12) Using 8 workers of 8 for evacuation
[2020-03-21T18:35:04.668+0000][gc,phases     ] GC(12)   Pre Evacuate Collection Set: 0,1ms
[2020-03-21T18:35:04.668+0000][gc,phases     ] GC(12)   Evacuate Collection Set: 5,8ms
[2020-03-21T18:35:04.668+0000][gc,phases     ] GC(12)   Post Evacuate Collection Set: 0,6ms
[2020-03-21T18:35:04.668+0000][gc,phases     ] GC(12)   Other: 3,2ms
[2020-03-21T18:35:04.668+0000][gc,heap       ] GC(12) Eden regions: 53->0(166)
[2020-03-21T18:35:04.668+0000][gc,heap       ] GC(12) Survivor regions: 4->4(8)
[2020-03-21T18:35:04.668+0000][gc,heap       ] GC(12) Old regions: 18->18
[2020-03-21T18:35:04.668+0000][gc,heap       ] GC(12) Humongous regions: 129->129
[2020-03-21T18:35:04.668+0000][gc,metaspace  ] GC(12) Metaspace: 39864K->39864K(1085440K)
[2020-03-21T18:35:04.668+0000][gc            ] GC(12) Pause Young (Normal) (G1 Evacuation Pause) 200M->148M(1024M) 9,757ms
[2020-03-21T18:35:04.668+0000][gc,cpu        ] GC(12) User=0,04s Sys=0,00s Real=0,01s
