[2020-03-20T23:34:22.641+0000][gc,heap] Heap region size: 1M
[2020-03-20T23:34:22.651+0000][gc     ] Using G1
[2020-03-20T23:34:22.651+0000][gc,heap,coops] Heap address: 0x00000000c0000000, size: 1024 MB, Compressed Oops mode: 32-bit
[2020-03-20T23:34:22.652+0000][gc,cds       ] Mark closed archive regions in map: [0x00000000fff00000, 0x00000000fff69ff8]
[2020-03-20T23:34:22.652+0000][gc,cds       ] Mark open archive regions in map: [0x00000000ffe00000, 0x00000000ffe46ff8]
[2020-03-20T23:34:24.075+0000][gc,start     ] GC(0) Pause Young (Normal) (G1 Evacuation Pause)
[2020-03-20T23:34:24.076+0000][gc,task      ] GC(0) Using 8 workers of 8 for evacuation
[2020-03-20T23:34:24.088+0000][gc,phases    ] GC(0)   Pre Evacuate Collection Set: 0,0ms
[2020-03-20T23:34:24.088+0000][gc,phases    ] GC(0)   Evacuate Collection Set: 10,9ms
[2020-03-20T23:34:24.088+0000][gc,phases    ] GC(0)   Post Evacuate Collection Set: 1,0ms
[2020-03-20T23:34:24.088+0000][gc,phases    ] GC(0)   Other: 1,0ms
[2020-03-20T23:34:24.088+0000][gc,heap      ] GC(0) Eden regions: 51->0(44)
[2020-03-20T23:34:24.088+0000][gc,heap      ] GC(0) Survivor regions: 0->7(7)
[2020-03-20T23:34:24.088+0000][gc,heap      ] GC(0) Old regions: 2->2
[2020-03-20T23:34:24.088+0000][gc,heap      ] GC(0) Humongous regions: 0->0
[2020-03-20T23:34:24.088+0000][gc,metaspace ] GC(0) Metaspace: 16002K->16002K(1062912K)
[2020-03-20T23:34:24.088+0000][gc           ] GC(0) Pause Young (Normal) (G1 Evacuation Pause) 51M->7M(1024M) 12,973ms
[2020-03-20T23:34:24.088+0000][gc,cpu       ] GC(0) User=0,08s Sys=0,00s Real=0,01s
[2020-03-20T23:34:24.367+0000][gc,start     ] GC(1) Pause Young (Concurrent Start) (Metadata GC Threshold)
[2020-03-20T23:34:24.367+0000][gc,task      ] GC(1) Using 8 workers of 8 for evacuation
[2020-03-20T23:34:24.377+0000][gc,phases    ] GC(1)   Pre Evacuate Collection Set: 0,1ms
[2020-03-20T23:34:24.377+0000][gc,phases    ] GC(1)   Evacuate Collection Set: 9,0ms
[2020-03-20T23:34:24.377+0000][gc,phases    ] GC(1)   Post Evacuate Collection Set: 0,5ms
[2020-03-20T23:34:24.377+0000][gc,phases    ] GC(1)   Other: 0,2ms
[2020-03-20T23:34:24.377+0000][gc,heap      ] GC(1) Eden regions: 19->0(50)
[2020-03-20T23:34:24.377+0000][gc,heap      ] GC(1) Survivor regions: 7->1(7)
[2020-03-20T23:34:24.377+0000][gc,heap      ] GC(1) Old regions: 2->9
[2020-03-20T23:34:24.377+0000][gc,heap      ] GC(1) Humongous regions: 0->0
[2020-03-20T23:34:24.377+0000][gc,metaspace ] GC(1) Metaspace: 20345K->20345K(1067008K)
[2020-03-20T23:34:24.377+0000][gc           ] GC(1) Pause Young (Concurrent Start) (Metadata GC Threshold) 25M->7M(1024M) 9,829ms
[2020-03-20T23:34:24.377+0000][gc,cpu       ] GC(1) User=0,05s Sys=0,00s Real=0,01s
[2020-03-20T23:34:24.377+0000][gc           ] GC(2) Concurrent Cycle
[2020-03-20T23:34:24.377+0000][gc,marking   ] GC(2) Concurrent Clear Claimed Marks
[2020-03-20T23:34:24.377+0000][gc,marking   ] GC(2) Concurrent Clear Claimed Marks 0,038ms
[2020-03-20T23:34:24.377+0000][gc,marking   ] GC(2) Concurrent Scan Root Regions
[2020-03-20T23:34:24.378+0000][gc,marking   ] GC(2) Concurrent Scan Root Regions 1,156ms
[2020-03-20T23:34:24.378+0000][gc,marking   ] GC(2) Concurrent Mark (1,739s)
[2020-03-20T23:34:24.378+0000][gc,marking   ] GC(2) Concurrent Mark From Roots
[2020-03-20T23:34:24.378+0000][gc,task      ] GC(2) Using 2 workers of 2 for marking
[2020-03-20T23:34:24.386+0000][gc,marking   ] GC(2) Concurrent Mark From Roots 8,200ms
[2020-03-20T23:34:24.386+0000][gc,marking   ] GC(2) Concurrent Preclean
[2020-03-20T23:34:24.386+0000][gc,marking   ] GC(2) Concurrent Preclean 0,156ms
[2020-03-20T23:34:24.386+0000][gc,marking   ] GC(2) Concurrent Mark (1,739s, 1,748s) 8,427ms
[2020-03-20T23:34:24.387+0000][gc,start     ] GC(2) Pause Remark
[2020-03-20T23:34:24.391+0000][gc,stringtable] GC(2) Cleaned string and symbol table, strings: 5036 processed, 0 removed, symbols: 49472 processed, 48 removed
[2020-03-20T23:34:24.392+0000][gc            ] GC(2) Pause Remark 8M->8M(1024M) 5,164ms
[2020-03-20T23:34:24.392+0000][gc,cpu        ] GC(2) User=0,02s Sys=0,01s Real=0,00s
[2020-03-20T23:34:24.392+0000][gc,marking    ] GC(2) Concurrent Rebuild Remembered Sets
[2020-03-20T23:34:24.396+0000][gc,marking    ] GC(2) Concurrent Rebuild Remembered Sets 3,731ms
[2020-03-20T23:34:24.444+0000][gc,start      ] GC(2) Pause Cleanup
[2020-03-20T23:34:24.444+0000][gc            ] GC(2) Pause Cleanup 137M->137M(1024M) 0,215ms
[2020-03-20T23:34:24.444+0000][gc,cpu        ] GC(2) User=0,00s Sys=0,00s Real=0,00s
[2020-03-20T23:34:24.444+0000][gc,marking    ] GC(2) Concurrent Cleanup for Next Mark
[2020-03-20T23:34:24.448+0000][gc,marking    ] GC(2) Concurrent Cleanup for Next Mark 3,561ms
[2020-03-20T23:34:24.448+0000][gc            ] GC(2) Concurrent Cycle 71,294ms
[2020-03-20T23:34:25.246+0000][gc,start      ] GC(3) Pause Young (Normal) (G1 Evacuation Pause)
[2020-03-20T23:34:25.246+0000][gc,task       ] GC(3) Using 8 workers of 8 for evacuation
[2020-03-20T23:34:25.252+0000][gc,phases     ] GC(3)   Pre Evacuate Collection Set: 0,0ms
[2020-03-20T23:34:25.252+0000][gc,phases     ] GC(3)   Evacuate Collection Set: 5,1ms
[2020-03-20T23:34:25.252+0000][gc,phases     ] GC(3)   Post Evacuate Collection Set: 0,5ms
[2020-03-20T23:34:25.252+0000][gc,phases     ] GC(3)   Other: 0,2ms
[2020-03-20T23:34:25.252+0000][gc,heap       ] GC(3) Eden regions: 50->0(46)
[2020-03-20T23:34:25.252+0000][gc,heap       ] GC(3) Survivor regions: 1->5(7)
[2020-03-20T23:34:25.252+0000][gc,heap       ] GC(3) Old regions: 9->9
[2020-03-20T23:34:25.252+0000][gc,heap       ] GC(3) Humongous regions: 129->129
[2020-03-20T23:34:25.252+0000][gc,metaspace  ] GC(3) Metaspace: 30105K->30105K(1077248K)
[2020-03-20T23:34:25.252+0000][gc            ] GC(3) Pause Young (Normal) (G1 Evacuation Pause) 186M->141M(1024M) 5,901ms
[2020-03-20T23:34:25.252+0000][gc,cpu        ] GC(3) User=0,03s Sys=0,00s Real=0,00s
[2020-03-20T23:34:42.034+0000][gc,start      ] GC(4) Pause Young (Concurrent Start) (Metadata GC Threshold)
[2020-03-20T23:34:42.034+0000][gc,task       ] GC(4) Using 8 workers of 8 for evacuation
[2020-03-20T23:34:42.041+0000][gc,phases     ] GC(4)   Pre Evacuate Collection Set: 0,1ms
[2020-03-20T23:34:42.041+0000][gc,phases     ] GC(4)   Evacuate Collection Set: 5,5ms
[2020-03-20T23:34:42.041+0000][gc,phases     ] GC(4)   Post Evacuate Collection Set: 0,7ms
[2020-03-20T23:34:42.041+0000][gc,phases     ] GC(4)   Other: 0,3ms
[2020-03-20T23:34:42.041+0000][gc,heap       ] GC(4) Eden regions: 19->0(49)
[2020-03-20T23:34:42.041+0000][gc,heap       ] GC(4) Survivor regions: 5->2(7)
[2020-03-20T23:34:42.041+0000][gc,heap       ] GC(4) Old regions: 9->14
[2020-03-20T23:34:42.041+0000][gc,heap       ] GC(4) Humongous regions: 129->129
[2020-03-20T23:34:42.041+0000][gc,metaspace  ] GC(4) Metaspace: 34052K->34052K(1079296K)
[2020-03-20T23:34:42.041+0000][gc            ] GC(4) Pause Young (Concurrent Start) (Metadata GC Threshold) 159M->141M(1024M) 6,599ms
[2020-03-20T23:34:42.041+0000][gc,cpu        ] GC(4) User=0,03s Sys=0,01s Real=0,00s
[2020-03-20T23:34:42.041+0000][gc            ] GC(5) Concurrent Cycle
[2020-03-20T23:34:42.041+0000][gc,marking    ] GC(5) Concurrent Clear Claimed Marks
[2020-03-20T23:34:42.041+0000][gc,marking    ] GC(5) Concurrent Clear Claimed Marks 0,158ms
[2020-03-20T23:34:42.041+0000][gc,marking    ] GC(5) Concurrent Scan Root Regions
[2020-03-20T23:34:42.043+0000][gc,marking    ] GC(5) Concurrent Scan Root Regions 1,545ms
[2020-03-20T23:34:42.043+0000][gc,marking    ] GC(5) Concurrent Mark (19,404s)
[2020-03-20T23:34:42.043+0000][gc,marking    ] GC(5) Concurrent Mark From Roots
[2020-03-20T23:34:42.043+0000][gc,task       ] GC(5) Using 2 workers of 2 for marking
[2020-03-20T23:34:42.057+0000][gc,marking    ] GC(5) Concurrent Mark From Roots 14,264ms
[2020-03-20T23:34:42.057+0000][gc,marking    ] GC(5) Concurrent Preclean
[2020-03-20T23:34:42.057+0000][gc,marking    ] GC(5) Concurrent Preclean 0,110ms
[2020-03-20T23:34:42.057+0000][gc,marking    ] GC(5) Concurrent Mark (19,404s, 19,419s) 14,430ms
[2020-03-20T23:34:42.057+0000][gc,start      ] GC(5) Pause Remark
[2020-03-20T23:34:42.059+0000][gc,stringtable] GC(5) Cleaned string and symbol table, strings: 10511 processed, 9 removed, symbols: 78385 processed, 30 removed
[2020-03-20T23:34:42.060+0000][gc            ] GC(5) Pause Remark 142M->142M(1024M) 2,318ms
[2020-03-20T23:34:42.060+0000][gc,cpu        ] GC(5) User=0,01s Sys=0,00s Real=0,00s
[2020-03-20T23:34:42.060+0000][gc,marking    ] GC(5) Concurrent Rebuild Remembered Sets
[2020-03-20T23:34:42.067+0000][gc,marking    ] GC(5) Concurrent Rebuild Remembered Sets 6,906ms
[2020-03-20T23:34:42.067+0000][gc,start      ] GC(5) Pause Cleanup
[2020-03-20T23:34:42.067+0000][gc            ] GC(5) Pause Cleanup 142M->142M(1024M) 0,204ms
[2020-03-20T23:34:42.067+0000][gc,cpu        ] GC(5) User=0,00s Sys=0,00s Real=0,00s
[2020-03-20T23:34:42.067+0000][gc,marking    ] GC(5) Concurrent Cleanup for Next Mark
[2020-03-20T23:34:42.071+0000][gc,marking    ] GC(5) Concurrent Cleanup for Next Mark 3,663ms
[2020-03-20T23:34:42.071+0000][gc            ] GC(5) Concurrent Cycle 29,877ms
[2020-03-21T00:19:16.534+0000][gc,start      ] GC(6) Pause Young (Normal) (G1 Evacuation Pause)
[2020-03-21T00:19:16.538+0000][gc,task       ] GC(6) Using 8 workers of 8 for evacuation
[2020-03-21T00:19:16.543+0000][gc,phases     ] GC(6)   Pre Evacuate Collection Set: 0,0ms
[2020-03-21T00:19:16.543+0000][gc,phases     ] GC(6)   Evacuate Collection Set: 3,9ms
[2020-03-21T00:19:16.543+0000][gc,phases     ] GC(6)   Post Evacuate Collection Set: 0,6ms
[2020-03-21T00:19:16.544+0000][gc,phases     ] GC(6)   Other: 3,9ms
[2020-03-21T00:19:16.544+0000][gc,heap       ] GC(6) Eden regions: 49->0(49)
[2020-03-21T00:19:16.544+0000][gc,heap       ] GC(6) Survivor regions: 2->2(7)
[2020-03-21T00:19:16.544+0000][gc,heap       ] GC(6) Old regions: 14->14
[2020-03-21T00:19:16.544+0000][gc,heap       ] GC(6) Humongous regions: 129->129
[2020-03-21T00:19:16.544+0000][gc,metaspace  ] GC(6) Metaspace: 35266K->35266K(1081344K)
[2020-03-21T00:19:16.544+0000][gc            ] GC(6) Pause Young (Normal) (G1 Evacuation Pause) 190M->142M(1024M) 9,550ms
[2020-03-21T00:19:16.544+0000][gc,cpu        ] GC(6) User=0,01s Sys=0,00s Real=0,00s
