[2020-03-20T23:32:01.894+0000][gc,heap] Heap region size: 1M
[2020-03-20T23:32:01.903+0000][gc     ] Using G1
[2020-03-20T23:32:01.903+0000][gc,heap,coops] Heap address: 0x00000000c0000000, size: 1024 MB, Compressed Oops mode: 32-bit
[2020-03-20T23:32:01.903+0000][gc,cds       ] Mark closed archive regions in map: [0x00000000fff00000, 0x00000000fff69ff8]
[2020-03-20T23:32:01.903+0000][gc,cds       ] Mark open archive regions in map: [0x00000000ffe00000, 0x00000000ffe46ff8]
[2020-03-20T23:32:03.347+0000][gc,start     ] GC(0) Pause Young (Normal) (G1 Evacuation Pause)
[2020-03-20T23:32:03.348+0000][gc,task      ] GC(0) Using 8 workers of 8 for evacuation
[2020-03-20T23:32:03.365+0000][gc,phases    ] GC(0)   Pre Evacuate Collection Set: 0,0ms
[2020-03-20T23:32:03.365+0000][gc,phases    ] GC(0)   Evacuate Collection Set: 16,3ms
[2020-03-20T23:32:03.365+0000][gc,phases    ] GC(0)   Post Evacuate Collection Set: 0,6ms
[2020-03-20T23:32:03.365+0000][gc,phases    ] GC(0)   Other: 0,8ms
[2020-03-20T23:32:03.365+0000][gc,heap      ] GC(0) Eden regions: 51->0(44)
[2020-03-20T23:32:03.365+0000][gc,heap      ] GC(0) Survivor regions: 0->7(7)
[2020-03-20T23:32:03.365+0000][gc,heap      ] GC(0) Old regions: 2->2
[2020-03-20T23:32:03.365+0000][gc,heap      ] GC(0) Humongous regions: 0->0
[2020-03-20T23:32:03.365+0000][gc,metaspace ] GC(0) Metaspace: 16040K->16040K(1062912K)
[2020-03-20T23:32:03.365+0000][gc           ] GC(0) Pause Young (Normal) (G1 Evacuation Pause) 51M->7M(1024M) 17,851ms
[2020-03-20T23:32:03.365+0000][gc,cpu       ] GC(0) User=0,10s Sys=0,01s Real=0,01s
[2020-03-20T23:32:03.730+0000][gc,start     ] GC(1) Pause Young (Concurrent Start) (Metadata GC Threshold)
[2020-03-20T23:32:03.730+0000][gc,task      ] GC(1) Using 8 workers of 8 for evacuation
[2020-03-20T23:32:03.739+0000][gc,phases    ] GC(1)   Pre Evacuate Collection Set: 0,0ms
[2020-03-20T23:32:03.739+0000][gc,phases    ] GC(1)   Evacuate Collection Set: 7,9ms
[2020-03-20T23:32:03.739+0000][gc,phases    ] GC(1)   Post Evacuate Collection Set: 0,5ms
[2020-03-20T23:32:03.739+0000][gc,phases    ] GC(1)   Other: 0,2ms
[2020-03-20T23:32:03.739+0000][gc,heap      ] GC(1) Eden regions: 20->0(49)
[2020-03-20T23:32:03.739+0000][gc,heap      ] GC(1) Survivor regions: 7->2(7)
[2020-03-20T23:32:03.739+0000][gc,heap      ] GC(1) Old regions: 2->9
[2020-03-20T23:32:03.739+0000][gc,heap      ] GC(1) Humongous regions: 129->129
[2020-03-20T23:32:03.739+0000][gc,metaspace ] GC(1) Metaspace: 20609K->20609K(1067008K)
[2020-03-20T23:32:03.739+0000][gc           ] GC(1) Pause Young (Concurrent Start) (Metadata GC Threshold) 155M->137M(1024M) 8,738ms
[2020-03-20T23:32:03.739+0000][gc,cpu       ] GC(1) User=0,03s Sys=0,01s Real=0,01s
[2020-03-20T23:32:03.739+0000][gc           ] GC(2) Concurrent Cycle
[2020-03-20T23:32:03.739+0000][gc,marking   ] GC(2) Concurrent Clear Claimed Marks
[2020-03-20T23:32:03.739+0000][gc,marking   ] GC(2) Concurrent Clear Claimed Marks 0,054ms
[2020-03-20T23:32:03.739+0000][gc,marking   ] GC(2) Concurrent Scan Root Regions
[2020-03-20T23:32:03.740+0000][gc,marking   ] GC(2) Concurrent Scan Root Regions 0,994ms
[2020-03-20T23:32:03.740+0000][gc,marking   ] GC(2) Concurrent Mark (1,849s)
[2020-03-20T23:32:03.740+0000][gc,marking   ] GC(2) Concurrent Mark From Roots
[2020-03-20T23:32:03.740+0000][gc,task      ] GC(2) Using 2 workers of 2 for marking
[2020-03-20T23:32:03.748+0000][gc,marking   ] GC(2) Concurrent Mark From Roots 7,960ms
[2020-03-20T23:32:03.748+0000][gc,marking   ] GC(2) Concurrent Preclean
[2020-03-20T23:32:03.748+0000][gc,marking   ] GC(2) Concurrent Preclean 0,112ms
[2020-03-20T23:32:03.748+0000][gc,marking   ] GC(2) Concurrent Mark (1,849s, 1,857s) 8,114ms
[2020-03-20T23:32:03.748+0000][gc,start     ] GC(2) Pause Remark
[2020-03-20T23:32:03.754+0000][gc,stringtable] GC(2) Cleaned string and symbol table, strings: 5104 processed, 0 removed, symbols: 50235 processed, 50 removed
[2020-03-20T23:32:03.754+0000][gc            ] GC(2) Pause Remark 138M->138M(1024M) 5,809ms
[2020-03-20T23:32:03.754+0000][gc,cpu        ] GC(2) User=0,04s Sys=0,00s Real=0,01s
[2020-03-20T23:32:03.754+0000][gc,marking    ] GC(2) Concurrent Rebuild Remembered Sets
[2020-03-20T23:32:03.760+0000][gc,marking    ] GC(2) Concurrent Rebuild Remembered Sets 5,967ms
[2020-03-20T23:32:03.761+0000][gc,start      ] GC(2) Pause Cleanup
[2020-03-20T23:32:03.761+0000][gc            ] GC(2) Pause Cleanup 139M->139M(1024M) 0,239ms
[2020-03-20T23:32:03.761+0000][gc,cpu        ] GC(2) User=0,00s Sys=0,00s Real=0,00s
[2020-03-20T23:32:03.761+0000][gc,marking    ] GC(2) Concurrent Cleanup for Next Mark
[2020-03-20T23:32:03.766+0000][gc,marking    ] GC(2) Concurrent Cleanup for Next Mark 5,124ms
[2020-03-20T23:32:03.766+0000][gc            ] GC(2) Concurrent Cycle 27,104ms
[2020-03-20T23:32:04.468+0000][gc,start      ] GC(3) Pause Young (Normal) (G1 Evacuation Pause)
[2020-03-20T23:32:04.468+0000][gc,task       ] GC(3) Using 8 workers of 8 for evacuation
[2020-03-20T23:32:04.476+0000][gc,phases     ] GC(3)   Pre Evacuate Collection Set: 0,0ms
[2020-03-20T23:32:04.476+0000][gc,phases     ] GC(3)   Evacuate Collection Set: 6,7ms
[2020-03-20T23:32:04.476+0000][gc,phases     ] GC(3)   Post Evacuate Collection Set: 0,7ms
[2020-03-20T23:32:04.476+0000][gc,phases     ] GC(3)   Other: 0,2ms
[2020-03-20T23:32:04.476+0000][gc,heap       ] GC(3) Eden regions: 49->0(46)
[2020-03-20T23:32:04.476+0000][gc,heap       ] GC(3) Survivor regions: 2->5(7)
[2020-03-20T23:32:04.476+0000][gc,heap       ] GC(3) Old regions: 9->9
[2020-03-20T23:32:04.476+0000][gc,heap       ] GC(3) Humongous regions: 129->129
[2020-03-20T23:32:04.476+0000][gc,metaspace  ] GC(3) Metaspace: 30255K->30255K(1077248K)
[2020-03-20T23:32:04.476+0000][gc            ] GC(3) Pause Young (Normal) (G1 Evacuation Pause) 186M->140M(1024M) 7,707ms
[2020-03-20T23:32:04.476+0000][gc,cpu        ] GC(3) User=0,04s Sys=0,00s Real=0,01s
[2020-03-20T23:33:19.645+0000][gc,heap,exit  ] Heap
[2020-03-20T23:33:19.668+0000][gc,heap,exit  ]  garbage-first heap   total 1048576K, used 161714K [0x00000000c0000000, 0x0000000100000000)
[2020-03-20T23:33:19.669+0000][gc,heap,exit  ]   region size 1024K, 24 young (24576K), 5 survivors (5120K)
[2020-03-20T23:33:19.669+0000][gc,heap,exit  ]  Metaspace       used 33162K, capacity 34685K, committed 34812K, reserved 1079296K
[2020-03-20T23:33:19.669+0000][gc,heap,exit  ]   class space    used 4437K, capacity 5163K, committed 5196K, reserved 1048576K
