[2020-03-21T15:36:08.645+0000][gc,heap] Heap region size: 1M
[2020-03-21T15:36:08.656+0000][gc     ] Using G1
[2020-03-21T15:36:08.656+0000][gc,heap,coops] Heap address: 0x00000000c0000000, size: 1024 MB, Compressed Oops mode: 32-bit
[2020-03-21T15:36:08.656+0000][gc,cds       ] Mark closed archive regions in map: [0x00000000fff00000, 0x00000000fff69ff8]
[2020-03-21T15:36:08.656+0000][gc,cds       ] Mark open archive regions in map: [0x00000000ffe00000, 0x00000000ffe46ff8]
[2020-03-21T15:36:09.884+0000][gc,start     ] GC(0) Pause Young (Normal) (G1 Evacuation Pause)
[2020-03-21T15:36:09.886+0000][gc,task      ] GC(0) Using 8 workers of 8 for evacuation
[2020-03-21T15:36:09.911+0000][gc,mmu       ] GC(0) MMU target violated: 21,0ms (20,0ms/21,0ms)
[2020-03-21T15:36:09.911+0000][gc,phases    ] GC(0)   Pre Evacuate Collection Set: 0,1ms
[2020-03-21T15:36:09.911+0000][gc,phases    ] GC(0)   Evacuate Collection Set: 23,5ms
[2020-03-21T15:36:09.911+0000][gc,phases    ] GC(0)   Post Evacuate Collection Set: 0,9ms
[2020-03-21T15:36:09.911+0000][gc,phases    ] GC(0)   Other: 2,5ms
[2020-03-21T15:36:09.911+0000][gc,heap      ] GC(0) Eden regions: 51->0(44)
[2020-03-21T15:36:09.911+0000][gc,heap      ] GC(0) Survivor regions: 0->7(7)
[2020-03-21T15:36:09.911+0000][gc,heap      ] GC(0) Old regions: 2->2
[2020-03-21T15:36:09.911+0000][gc,heap      ] GC(0) Humongous regions: 0->0
[2020-03-21T15:36:09.911+0000][gc,metaspace ] GC(0) Metaspace: 16356K->16356K(1064960K)
[2020-03-21T15:36:09.911+0000][gc           ] GC(0) Pause Young (Normal) (G1 Evacuation Pause) 51M->7M(1024M) 27,061ms
[2020-03-21T15:36:09.911+0000][gc,cpu       ] GC(0) User=0,11s Sys=0,00s Real=0,02s
[2020-03-21T15:36:12.273+0000][gc,heap,exit ] Heap
[2020-03-21T15:36:12.273+0000][gc,heap,exit ]  garbage-first heap   total 1048576K, used 23974K [0x00000000c0000000, 0x0000000100000000)
[2020-03-21T15:36:12.273+0000][gc,heap,exit ]   region size 1024K, 24 young (24576K), 7 survivors (7168K)
[2020-03-21T15:36:12.273+0000][gc,heap,exit ]  Metaspace       used 20256K, capacity 20901K, committed 20992K, reserved 1067008K
[2020-03-21T15:36:12.273+0000][gc,heap,exit ]   class space    used 2799K, capacity 3047K, committed 3072K, reserved 1048576K
