[2020-03-21T15:31:30.916+0000][gc,heap] Heap region size: 1M
[2020-03-21T15:31:30.925+0000][gc     ] Using G1
[2020-03-21T15:31:30.925+0000][gc,heap,coops] Heap address: 0x00000000c0000000, size: 1024 MB, Compressed Oops mode: 32-bit
[2020-03-21T15:31:30.925+0000][gc,cds       ] Mark closed archive regions in map: [0x00000000fff00000, 0x00000000fff69ff8]
[2020-03-21T15:31:30.925+0000][gc,cds       ] Mark open archive regions in map: [0x00000000ffe00000, 0x00000000ffe46ff8]
[2020-03-21T15:31:32.087+0000][gc,heap,exit ] Heap
[2020-03-21T15:31:32.087+0000][gc,heap,exit ]  garbage-first heap   total 1048576K, used 28356K [0x00000000c0000000, 0x0000000100000000)
[2020-03-21T15:31:32.087+0000][gc,heap,exit ]   region size 1024K, 28 young (28672K), 0 survivors (0K)
[2020-03-21T15:31:32.087+0000][gc,heap,exit ]  Metaspace       used 9493K, capacity 9879K, committed 10112K, reserved 1058816K
[2020-03-21T15:31:32.087+0000][gc,heap,exit ]   class space    used 1253K, capacity 1362K, committed 1408K, reserved 1048576K
