[2020-03-20T23:31:48.125+0000][gc,heap] Heap region size: 1M
[2020-03-20T23:31:48.129+0000][gc     ] Using G1
[2020-03-20T23:31:48.129+0000][gc,heap,coops] Heap address: 0x00000000e0000000, size: 512 MB, Compressed Oops mode: 32-bit
[2020-03-20T23:31:48.129+0000][gc,cds       ] Mark closed archive regions in map: [0x00000000fff00000, 0x00000000fff69ff8]
[2020-03-20T23:31:48.129+0000][gc,cds       ] Mark open archive regions in map: [0x00000000ffe00000, 0x00000000ffe46ff8]
[2020-03-20T23:32:03.210+0000][gc,start     ] GC(0) Pause Young (Normal) (G1 Evacuation Pause)
[2020-03-20T23:32:03.211+0000][gc,task      ] GC(0) Using 8 workers of 8 for evacuation
[2020-03-20T23:32:03.221+0000][gc,phases    ] GC(0)   Pre Evacuate Collection Set: 0,0ms
[2020-03-20T23:32:03.221+0000][gc,phases    ] GC(0)   Evacuate Collection Set: 9,8ms
[2020-03-20T23:32:03.221+0000][gc,phases    ] GC(0)   Post Evacuate Collection Set: 0,7ms
[2020-03-20T23:32:03.221+0000][gc,phases    ] GC(0)   Other: 0,9ms
[2020-03-20T23:32:03.221+0000][gc,heap      ] GC(0) Eden regions: 25->0(21)
[2020-03-20T23:32:03.221+0000][gc,heap      ] GC(0) Survivor regions: 0->4(4)
[2020-03-20T23:32:03.221+0000][gc,heap      ] GC(0) Old regions: 2->4
[2020-03-20T23:32:03.221+0000][gc,heap      ] GC(0) Humongous regions: 0->0
[2020-03-20T23:32:03.221+0000][gc,metaspace ] GC(0) Metaspace: 7617K->7617K(1056768K)
[2020-03-20T23:32:03.221+0000][gc           ] GC(0) Pause Young (Normal) (G1 Evacuation Pause) 25M->6M(512M) 11,507ms
[2020-03-20T23:32:03.221+0000][gc,cpu       ] GC(0) User=0,07s Sys=0,00s Real=0,01s
[2020-03-20T23:33:18.486+0000][gc,heap,exit ] Heap
[2020-03-20T23:33:18.487+0000][gc,heap,exit ]  garbage-first heap   total 524288K, used 10262K [0x00000000e0000000, 0x0000000100000000)
[2020-03-20T23:33:18.487+0000][gc,heap,exit ]   region size 1024K, 9 young (9216K), 4 survivors (4096K)
[2020-03-20T23:33:18.487+0000][gc,heap,exit ]  Metaspace       used 7960K, capacity 8369K, committed 8448K, reserved 1056768K
[2020-03-20T23:33:18.487+0000][gc,heap,exit ]   class space    used 890K, capacity 1004K, committed 1024K, reserved 1048576K
