[2020-03-21T15:31:30.918+0000][gc,heap] Heap region size: 1M
[2020-03-21T15:31:30.923+0000][gc     ] Using G1
[2020-03-21T15:31:30.923+0000][gc,heap,coops] Heap address: 0x00000000e0000000, size: 512 MB, Compressed Oops mode: 32-bit
[2020-03-21T15:31:30.923+0000][gc,cds       ] Mark closed archive regions in map: [0x00000000fff00000, 0x00000000fff69ff8]
[2020-03-21T15:31:30.923+0000][gc,cds       ] Mark open archive regions in map: [0x00000000ffe00000, 0x00000000ffe46ff8]
[2020-03-21T15:31:31.691+0000][gc,heap,exit ] Heap
[2020-03-21T15:31:31.691+0000][gc,heap,exit ]  garbage-first heap   total 524288K, used 16068K [0x00000000e0000000, 0x0000000100000000)
[2020-03-21T15:31:31.691+0000][gc,heap,exit ]   region size 1024K, 16 young (16384K), 0 survivors (0K)
[2020-03-21T15:31:31.691+0000][gc,heap,exit ]  Metaspace       used 5922K, capacity 6283K, committed 6528K, reserved 1056768K
[2020-03-21T15:31:31.691+0000][gc,heap,exit ]   class space    used 678K, capacity 799K, committed 896K, reserved 1048576K
