[2020-03-22T15:57:08.565+0000][gc,heap] Heap region size: 1M
[2020-03-22T15:57:08.571+0000][gc     ] Using G1
[2020-03-22T15:57:08.571+0000][gc,heap,coops] Heap address: 0x00000000e0000000, size: 512 MB, Compressed Oops mode: 32-bit
[2020-03-22T15:57:08.572+0000][gc,cds       ] Mark closed archive regions in map: [0x00000000fff00000, 0x00000000fff69ff8]
[2020-03-22T15:57:08.572+0000][gc,cds       ] Mark open archive regions in map: [0x00000000ffe00000, 0x00000000ffe46ff8]
[2020-03-22T15:57:17.482+0000][gc,start     ] GC(0) Pause Young (Normal) (G1 Evacuation Pause)
[2020-03-22T15:57:17.483+0000][gc,task      ] GC(0) Using 8 workers of 8 for evacuation
[2020-03-22T15:57:17.492+0000][gc,phases    ] GC(0)   Pre Evacuate Collection Set: 0,0ms
[2020-03-22T15:57:17.492+0000][gc,phases    ] GC(0)   Evacuate Collection Set: 8,6ms
[2020-03-22T15:57:17.492+0000][gc,phases    ] GC(0)   Post Evacuate Collection Set: 0,4ms
[2020-03-22T15:57:17.492+0000][gc,phases    ] GC(0)   Other: 0,9ms
[2020-03-22T15:57:17.492+0000][gc,heap      ] GC(0) Eden regions: 25->0(21)
[2020-03-22T15:57:17.492+0000][gc,heap      ] GC(0) Survivor regions: 0->4(4)
[2020-03-22T15:57:17.492+0000][gc,heap      ] GC(0) Old regions: 2->4
[2020-03-22T15:57:17.492+0000][gc,heap      ] GC(0) Humongous regions: 0->0
[2020-03-22T15:57:17.492+0000][gc,metaspace ] GC(0) Metaspace: 7596K->7596K(1056768K)
[2020-03-22T15:57:17.492+0000][gc           ] GC(0) Pause Young (Normal) (G1 Evacuation Pause) 25M->5M(512M) 10,002ms
[2020-03-22T15:57:17.492+0000][gc,cpu       ] GC(0) User=0,06s Sys=0,01s Real=0,01s
[2020-03-22T18:20:31.074+0000][gc,start     ] GC(1) Pause Young (Normal) (G1 Evacuation Pause)
[2020-03-22T18:20:31.076+0000][gc,task      ] GC(1) Using 8 workers of 8 for evacuation
[2020-03-22T18:20:31.146+0000][gc,mmu       ] GC(1) MMU target violated: 21,0ms (20,0ms/21,0ms)
[2020-03-22T18:20:31.148+0000][gc,phases    ] GC(1)   Pre Evacuate Collection Set: 29,9ms
[2020-03-22T18:20:31.148+0000][gc,phases    ] GC(1)   Evacuate Collection Set: 35,9ms
[2020-03-22T18:20:31.148+0000][gc,phases    ] GC(1)   Post Evacuate Collection Set: 2,3ms
[2020-03-22T18:20:31.148+0000][gc,phases    ] GC(1)   Other: 5,3ms
[2020-03-22T18:20:31.148+0000][gc,heap      ] GC(1) Eden regions: 21->0(24)
[2020-03-22T18:20:31.148+0000][gc,heap      ] GC(1) Survivor regions: 4->1(4)
[2020-03-22T18:20:31.148+0000][gc,heap      ] GC(1) Old regions: 4->8
[2020-03-22T18:20:31.148+0000][gc,heap      ] GC(1) Humongous regions: 0->0
[2020-03-22T18:20:31.148+0000][gc,metaspace ] GC(1) Metaspace: 8298K->8298K(1056768K)
[2020-03-22T18:20:31.149+0000][gc           ] GC(1) Pause Young (Normal) (G1 Evacuation Pause) 26M->6M(512M) 74,243ms
[2020-03-22T18:20:31.149+0000][gc,cpu       ] GC(1) User=0,07s Sys=0,03s Real=0,08s
[2020-03-22T21:55:17.412+0000][gc,start     ] GC(2) Pause Young (Normal) (G1 Evacuation Pause)
[2020-03-22T21:55:17.414+0000][gc,task      ] GC(2) Using 8 workers of 8 for evacuation
[2020-03-22T21:55:17.512+0000][gc,mmu       ] GC(2) MMU target violated: 21,0ms (20,0ms/21,0ms)
[2020-03-22T21:55:17.512+0000][gc,phases    ] GC(2)   Pre Evacuate Collection Set: 66,0ms
[2020-03-22T21:55:17.512+0000][gc,phases    ] GC(2)   Evacuate Collection Set: 26,9ms
[2020-03-22T21:55:17.512+0000][gc,phases    ] GC(2)   Post Evacuate Collection Set: 1,7ms
[2020-03-22T21:55:17.512+0000][gc,phases    ] GC(2)   Other: 6,6ms
[2020-03-22T21:55:17.512+0000][gc,heap      ] GC(2) Eden regions: 24->0(24)
[2020-03-22T21:55:17.512+0000][gc,heap      ] GC(2) Survivor regions: 1->1(4)
[2020-03-22T21:55:17.512+0000][gc,heap      ] GC(2) Old regions: 8->8
[2020-03-22T21:55:17.512+0000][gc,heap      ] GC(2) Humongous regions: 0->0
[2020-03-22T21:55:17.512+0000][gc,metaspace ] GC(2) Metaspace: 8306K->8306K(1056768K)
[2020-03-22T21:55:17.512+0000][gc           ] GC(2) Pause Young (Normal) (G1 Evacuation Pause) 30M->6M(512M) 99,944ms
[2020-03-22T21:55:17.512+0000][gc,cpu       ] GC(2) User=0,01s Sys=0,01s Real=0,10s
